Archive member included to satisfy reference by file (symbol)

c:/st/stm32cubeide_1.12.0/stm32cubeide/plugins/com.st.stm32cube.ide.mcu.externaltools.gnu-tools-for-stm32.10.3-2021.10.win32_1.0.200.202301161003/tools/bin/../lib/gcc/arm-none-eabi/10.3.1/../../../../arm-none-eabi/lib/thumb/v6-m/nofp\libc_nano.a(lib_a-errno.o)
                              ./Core/Src/syscalls.o (__errno)
c:/st/stm32cubeide_1.12.0/stm32cubeide/plugins/com.st.stm32cube.ide.mcu.externaltools.gnu-tools-for-stm32.10.3-2021.10.win32_1.0.200.202301161003/tools/bin/../lib/gcc/arm-none-eabi/10.3.1/../../../../arm-none-eabi/lib/thumb/v6-m/nofp\libc_nano.a(lib_a-exit.o)
                              c:/st/stm32cubeide_1.12.0/stm32cubeide/plugins/com.st.stm32cube.ide.mcu.externaltools.gnu-tools-for-stm32.10.3-2021.10.win32_1.0.200.202301161003/tools/bin/../lib/gcc/arm-none-eabi/10.3.1/../../../../arm-none-eabi/lib/thumb/v6-m/nofp/crt0.o (exit)
c:/st/stm32cubeide_1.12.0/stm32cubeide/plugins/com.st.stm32cube.ide.mcu.externaltools.gnu-tools-for-stm32.10.3-2021.10.win32_1.0.200.202301161003/tools/bin/../lib/gcc/arm-none-eabi/10.3.1/../../../../arm-none-eabi/lib/thumb/v6-m/nofp\libc_nano.a(lib_a-impure.o)
                              c:/st/stm32cubeide_1.12.0/stm32cubeide/plugins/com.st.stm32cube.ide.mcu.externaltools.gnu-tools-for-stm32.10.3-2021.10.win32_1.0.200.202301161003/tools/bin/../lib/gcc/arm-none-eabi/10.3.1/../../../../arm-none-eabi/lib/thumb/v6-m/nofp\libc_nano.a(lib_a-exit.o) (_global_impure_ptr)
c:/st/stm32cubeide_1.12.0/stm32cubeide/plugins/com.st.stm32cube.ide.mcu.externaltools.gnu-tools-for-stm32.10.3-2021.10.win32_1.0.200.202301161003/tools/bin/../lib/gcc/arm-none-eabi/10.3.1/../../../../arm-none-eabi/lib/thumb/v6-m/nofp\libc_nano.a(lib_a-init.o)
                              c:/st/stm32cubeide_1.12.0/stm32cubeide/plugins/com.st.stm32cube.ide.mcu.externaltools.gnu-tools-for-stm32.10.3-2021.10.win32_1.0.200.202301161003/tools/bin/../lib/gcc/arm-none-eabi/10.3.1/../../../../arm-none-eabi/lib/thumb/v6-m/nofp/crt0.o (__libc_init_array)
c:/st/stm32cubeide_1.12.0/stm32cubeide/plugins/com.st.stm32cube.ide.mcu.externaltools.gnu-tools-for-stm32.10.3-2021.10.win32_1.0.200.202301161003/tools/bin/../lib/gcc/arm-none-eabi/10.3.1/../../../../arm-none-eabi/lib/thumb/v6-m/nofp\libc_nano.a(lib_a-memcpy-stub.o)
                              ./Core/Src/adc.o (memcpy)
c:/st/stm32cubeide_1.12.0/stm32cubeide/plugins/com.st.stm32cube.ide.mcu.externaltools.gnu-tools-for-stm32.10.3-2021.10.win32_1.0.200.202301161003/tools/bin/../lib/gcc/arm-none-eabi/10.3.1/../../../../arm-none-eabi/lib/thumb/v6-m/nofp\libc_nano.a(lib_a-memset.o)
                              c:/st/stm32cubeide_1.12.0/stm32cubeide/plugins/com.st.stm32cube.ide.mcu.externaltools.gnu-tools-for-stm32.10.3-2021.10.win32_1.0.200.202301161003/tools/bin/../lib/gcc/arm-none-eabi/10.3.1/../../../../arm-none-eabi/lib/thumb/v6-m/nofp/crt0.o (memset)
c:/st/stm32cubeide_1.12.0/stm32cubeide/plugins/com.st.stm32cube.ide.mcu.externaltools.gnu-tools-for-stm32.10.3-2021.10.win32_1.0.200.202301161003/tools/bin/../lib/gcc/arm-none-eabi/10.3.1/thumb/v6-m/nofp\libgcc.a(_udivsi3.o)
                              ./Core/Src/adc.o (__aeabi_uidiv)
c:/st/stm32cubeide_1.12.0/stm32cubeide/plugins/com.st.stm32cube.ide.mcu.externaltools.gnu-tools-for-stm32.10.3-2021.10.win32_1.0.200.202301161003/tools/bin/../lib/gcc/arm-none-eabi/10.3.1/thumb/v6-m/nofp\libgcc.a(_divsi3.o)
                              ./Core/Src/adc.o (__aeabi_idiv)
c:/st/stm32cubeide_1.12.0/stm32cubeide/plugins/com.st.stm32cube.ide.mcu.externaltools.gnu-tools-for-stm32.10.3-2021.10.win32_1.0.200.202301161003/tools/bin/../lib/gcc/arm-none-eabi/10.3.1/thumb/v6-m/nofp\libgcc.a(_dvmd_tls.o)
                              c:/st/stm32cubeide_1.12.0/stm32cubeide/plugins/com.st.stm32cube.ide.mcu.externaltools.gnu-tools-for-stm32.10.3-2021.10.win32_1.0.200.202301161003/tools/bin/../lib/gcc/arm-none-eabi/10.3.1/thumb/v6-m/nofp\libgcc.a(_udivsi3.o) (__aeabi_idiv0)
c:/st/stm32cubeide_1.12.0/stm32cubeide/plugins/com.st.stm32cube.ide.mcu.externaltools.gnu-tools-for-stm32.10.3-2021.10.win32_1.0.200.202301161003/tools/bin/../lib/gcc/arm-none-eabi/10.3.1/thumb/v6-m/nofp\libgcc.a(_arm_cmpsf2.o)
                              ./Core/Src/pwm.o (__aeabi_fcmpgt)
c:/st/stm32cubeide_1.12.0/stm32cubeide/plugins/com.st.stm32cube.ide.mcu.externaltools.gnu-tools-for-stm32.10.3-2021.10.win32_1.0.200.202301161003/tools/bin/../lib/gcc/arm-none-eabi/10.3.1/thumb/v6-m/nofp\libgcc.a(_fixunssfsi.o)
                              ./Core/Src/pwm.o (__aeabi_f2uiz)
c:/st/stm32cubeide_1.12.0/stm32cubeide/plugins/com.st.stm32cube.ide.mcu.externaltools.gnu-tools-for-stm32.10.3-2021.10.win32_1.0.200.202301161003/tools/bin/../lib/gcc/arm-none-eabi/10.3.1/thumb/v6-m/nofp\libgcc.a(_fixunsdfsi.o)
                              ./Core/Src/adc.o (__aeabi_d2uiz)
[...]
Memory Configuration

Name             Origin             Length             Attributes
RAM              0x0000000020000000 0x0000000000001000 xrw
FLASH            0x0000000008000000 0x0000000000008000 xr
*default*        0x0000000000000000 0xffffffffffffffff

Linker script and memory map

LOAD c:/st/stm32cubeide_1.12.0/stm32cubeide/plugins/com.st.stm32cube.ide.mcu.externaltools.gnu-tools-for-stm32.10.3-2021.10.win32_1.0.200.202301161003/tools/bin/../lib/gcc/arm-none-eabi/10.3.1/thumb/v6-m/nofp/crti.o
LOAD c:/st/stm32cubeide_1.12.0/stm32cubeide/plugins/com.st.stm32cube.ide.mcu.externaltools.gnu-tools-for-stm32.10.3-2021.10.win32_1.0.200.202301161003/tools/bin/../lib/gcc/arm-none-eabi/10.3.1/thumb/v6-m/nofp/crtbegin.o
LOAD c:/st/stm32cubeide_1.12.0/stm32cubeide/plugins/com.st.stm32cube.ide.mcu.externaltools.gnu-tools-for-stm32.10.3-2021.10.win32_1.0.200.202301161003/tools/bin/../lib/gcc/arm-none-eabi/10.3.1/../../../../arm-none-eabi/lib/thumb/v6-m/nofp/crt0.o
LOAD ./Core/Src/adc.o
LOAD ./Core/Src/comutate.o
LOAD ./Core/Src/eeprom.o
LOAD ./Core/Src/input.o
LOAD ./Core/Src/io.o
LOAD ./Core/Src/pwm.o
LOAD ./Core/Src/run.o
LOAD ./Core/Src/stm32f0xx_it.o
LOAD ./Core/Src/syscalls.o
LOAD ./Core/Src/sysmem.o
LOAD ./Core/Src/system_stm32f0xx.o
LOAD ./Core/Src/uart.o
LOAD ./Core/Startup/startup_stm32f030k6tx.o
LOAD ./Drivers/STM32F0xx_HAL_Driver/Src/stm32f0xx_ll_adc.o
LOAD ./Drivers/STM32F0xx_HAL_Driver/Src/stm32f0xx_ll_dma.o
LOAD ./Drivers/STM32F0xx_HAL_Driver/Src/stm32f0xx_ll_exti.o
LOAD ./Drivers/STM32F0xx_HAL_Driver/Src/stm32f0xx_ll_gpio.o
LOAD ./Drivers/STM32F0xx_HAL_Driver/Src/stm32f0xx_ll_pwr.o
LOAD ./Drivers/STM32F0xx_HAL_Driver/Src/stm32f0xx_ll_rcc.o
LOAD ./Drivers/STM32F0xx_HAL_Driver/Src/stm32f0xx_ll_tim.o
LOAD ./Drivers/STM32F0xx_HAL_Driver/Src/stm32f0xx_ll_usart.o
LOAD ./Drivers/STM32F0xx_HAL_Driver/Src/stm32f0xx_ll_utils.o
START GROUP
LOAD c:/st/stm32cubeide_1.12.0/stm32cubeide/plugins/com.st.stm32cube.ide.mcu.externaltools.gnu-tools-for-stm32.10.3-2021.10.win32_1.0.200.202301161003/tools/bin/../lib/gcc/arm-none-eabi/10.3.1/../../../../arm-none-eabi/lib/thumb/v6-m/nofp\libc_nano.a
LOAD c:/st/stm32cubeide_1.12.0/stm32cubeide/plugins/com.st.stm32cube.ide.mcu.externaltools.gnu-tools-for-stm32.10.3-2021.10.win32_1.0.200.202301161003/tools/bin/../lib/gcc/arm-none-eabi/10.3.1/../../../../arm-none-eabi/lib/thumb/v6-m/nofp\libm.a
END GROUP
START GROUP
LOAD c:/st/stm32cubeide_1.12.0/stm32cubeide/plugins/com.st.stm32cube.ide.mcu.externaltools.gnu-tools-for-stm32.10.3-2021.10.win32_1.0.200.202301161003/tools/bin/../lib/gcc/arm-none-eabi/10.3.1/thumb/v6-m/nofp\libgcc.a
LOAD c:/st/stm32cubeide_1.12.0/stm32cubeide/plugins/com.st.stm32cube.ide.mcu.externaltools.gnu-tools-for-stm32.10.3-2021.10.win32_1.0.200.202301161003/tools/bin/../lib/gcc/arm-none-eabi/10.3.1/../../../../arm-none-eabi/lib/thumb/v6-m/nofp\libc_nano.a
END GROUP
START GROUP
LOAD c:/st/stm32cubeide_1.12.0/stm32cubeide/plugins/com.st.stm32cube.ide.mcu.externaltools.gnu-tools-for-stm32.10.3-2021.10.win32_1.0.200.202301161003/tools/bin/../lib/gcc/arm-none-eabi/10.3.1/thumb/v6-m/nofp\libgcc.a
LOAD c:/st/stm32cubeide_1.12.0/stm32cubeide/plugins/com.st.stm32cube.ide.mcu.externaltools.gnu-tools-for-stm32.10.3-2021.10.win32_1.0.200.202301161003/tools/bin/../lib/gcc/arm-none-eabi/10.3.1/../../../../arm-none-eabi/lib/thumb/v6-m/nofp\libc_nano.a
LOAD c:/st/stm32cubeide_1.12.0/stm32cubeide/plugins/com.st.stm32cube.ide.mcu.externaltools.gnu-tools-for-stm32.10.3-2021.10.win32_1.0.200.202301161003/tools/bin/../lib/gcc/arm-none-eabi/10.3.1/../../../../arm-none-eabi/lib/thumb/v6-m/nofp\libnosys.a
END GROUP
START GROUP
LOAD c:/st/stm32cubeide_1.12.0/stm32cubeide/plugins/com.st.stm32cube.ide.mcu.externaltools.gnu-tools-for-stm32.10.3-2021.10.win32_1.0.200.202301161003/tools/bin/../lib/gcc/arm-none-eabi/10.3.1/thumb/v6-m/nofp\libgcc.a
LOAD c:/st/stm32cubeide_1.12.0/stm32cubeide/plugins/com.st.stm32cube.ide.mcu.externaltools.gnu-tools-for-stm32.10.3-2021.10.win32_1.0.200.202301161003/tools/bin/../lib/gcc/arm-none-eabi/10.3.1/../../../../arm-none-eabi/lib/thumb/v6-m/nofp\libc_nano.a
LOAD c:/st/stm32cubeide_1.12.0/stm32cubeide/plugins/com.st.stm32cube.ide.mcu.externaltools.gnu-tools-for-stm32.10.3-2021.10.win32_1.0.200.202301161003/tools/bin/../lib/gcc/arm-none-eabi/10.3.1/../../../../arm-none-eabi/lib/thumb/v6-m/nofp\libnosys.a
END GROUP
LOAD c:/st/stm32cubeide_1.12.0/stm32cubeide/plugins/com.st.stm32cube.ide.mcu.externaltools.gnu-tools-for-stm32.10.3-2021.10.win32_1.0.200.202301161003/tools/bin/../lib/gcc/arm-none-eabi/10.3.1/thumb/v6-m/nofp/crtend.o
LOAD c:/st/stm32cubeide_1.12.0/stm32cubeide/plugins/com.st.stm32cube.ide.mcu.externaltools.gnu-tools-for-stm32.10.3-2021.10.win32_1.0.200.202301161003/tools/bin/../lib/gcc/arm-none-eabi/10.3.1/thumb/v6-m/nofp/crtn.o
                0x0000000020001000                _estack = (ORIGIN (RAM) + LENGTH (RAM))
                0x0000000000000200                _Min_Heap_Size = 0x200
                0x0000000000000400                _Min_Stack_Size = 0x400

.isr_vector     0x0000000008000000       0xc0
                0x0000000008000000                . = ALIGN (0x4)
 *(.isr_vector)
 .isr_vector    0x0000000008000000       0xc0 ./Core/Startup/startup_stm32f030k6tx.o
                0x0000000008000000                g_pfnVectors
                0x00000000080000c0                . = ALIGN (0x4)

.text           0x00000000080000c0     0x720c
                0x00000000080000c0                . = ALIGN (0x4)
 *(.text)
 .text          0x00000000080000c0       0x48 c:/st/stm32cubeide_1.12.0/stm32cubeide/plugins/com.st.stm32cube.ide.mcu.externaltools.gnu-tools-for-stm32.10.3-2021.10.win32_1.0.200.202301161003/tools/bin/../lib/gcc/arm-none-eabi/10.3.1/thumb/v6-m/nofp/crtbegin.o
 .text          0x0000000008000108      0x114 c:/st/stm32cubeide_1.12.0/stm32cubeide/plugins/com.st.stm32cube.ide.mcu.externaltools.gnu-tools-for-stm32.10.3-2021.10.win32_1.0.200.202301161003/tools/bin/../lib/gcc/arm-none-eabi/10.3.1/thumb/v6-m/nofp\libgcc.a(_udivsi3.o)
                0x0000000008000108                __aeabi_uidiv
                0x0000000008000108                __udivsi3
                0x0000000008000214                __aeabi_uidivmod
 .text          0x000000000800021c      0x1d4 c:/st/stm32cubeide_1.12.0/stm32cubeide/plugins/com.st.stm32cube.ide.mcu.externaltools.gnu-tools-for-stm32.10.3-2021.10.win32_1.0.200.202301161003/tools/bin/../lib/gcc/arm-none-eabi/10.3.1/thumb/v6-m/nofp\libgcc.a(_divsi3.o)
                0x000000000800021c                __divsi3
                0x000000000800021c                __aeabi_idiv
                0x00000000080003e8                __aeabi_idivmod
 .text          0x00000000080003f0        0x4 c:/st/stm32cubeide_1.12.0/stm32cubeide/plugins/com.st.stm32cube.ide.mcu.externaltools.gnu-tools-for-stm32.10.3-2021.10.win32_1.0.200.202301161003/tools/bin/../lib/gcc/arm-none-eabi/10.3.1/thumb/v6-m/nofp\libgcc.a(_dvmd_tls.o)
                0x00000000080003f0                __aeabi_idiv0
                0x00000000080003f0                __aeabi_ldiv0
 .text          0x00000000080003f4       0x74 c:/st/stm32cubeide_1.12.0/stm32cubeide/plugins/com.st.stm32cube.ide.mcu.externaltools.gnu-tools-for-stm32.10.3-2021.10.win32_1.0.200.202301161003/tools/bin/../lib/gcc/arm-none-eabi/10.3.1/thumb/v6-m/nofp\libgcc.a(_arm_cmpsf2.o)
                0x00000000080003f4                __aeabi_cfrcmple
                0x00000000080003fc                __aeabi_cfcmpeq
                0x00000000080003fc                __aeabi_cfcmple
                0x000000000800040c                __aeabi_fcmpeq
                0x0000000008000418                __aeabi_fcmplt
                0x000000000800042c                __aeabi_fcmple
                0x0000000008000440                __aeabi_fcmpgt
                0x0000000008000454                __aeabi_fcmpge
 .text          0x0000000008000468       0x30 c:/st/stm32cubeide_1.12.0/stm32cubeide/plugins/com.st.stm32cube.ide.mcu.externaltools.gnu-tools-for-stm32.10.3-2021.10.win32_1.0.200.202301161003/tools/bin/../lib/gcc/arm-none-eabi/10.3.1/thumb/v6-m/nofp\libgcc.a(_fixunssfsi.o)
                0x0000000008000468                __fixunssfsi
                0x0000000008000468                __aeabi_f2uiz
 .text          0x0000000008000498       0x3c c:/st/stm32cubeide_1.12.0/stm32cubeide/plugins/com.st.stm32cube.ide.mcu.externaltools.gnu-tools-for-stm32.10.3-2021.10.win32_1.0.200.202301161003/tools/bin/../lib/gcc/arm-none-eabi/10.3.1/thumb/v6-m/nofp\libgcc.a(_fixunsdfsi.o)
                0x0000000008000498                __aeabi_d2uiz
                0x0000000008000498                __fixunsdfsi
 .text          0x00000000080004d4      0x230 c:/st/stm32cubeide_1.12.0/stm32cubeide/plugins/com.st.stm32cube.ide.mcu.externaltools.gnu-tools-for-stm32.10.3-2021.10.win32_1.0.200.202301161003/tools/bin/../lib/gcc/arm-none-eabi/10.3.1/thumb/v6-m/nofp\libgcc.a(divsf3.o)
                0x00000000080004d4                __aeabi_fdiv
 .text          0x0000000008000704       0x4c c:/st/stm32cubeide_1.12.0/stm32cubeide/plugins/com.st.stm32cube.ide.mcu.externaltools.gnu-tools-for-stm32.10.3-2021.10.win32_1.0.200.202301161003/tools/bin/../lib/gcc/arm-none-eabi/10.3.1/thumb/v6-m/nofp\libgcc.a(eqsf2.o)
                0x0000000008000704                __eqsf2
                0x0000000008000704                __nesf2
 .text          0x0000000008000750       0x8c c:/st/stm32cubeide_1.12.0/stm32cubeide/plugins/com.st.stm32cube.ide.mcu.externaltools.gnu-tools-for-stm32.10.3-2021.10.win32_1.0.200.202301161003/tools/bin/../lib/gcc/arm-none-eabi/10.3.1/thumb/v6-m/nofp\libgcc.a(gesf2.o)
                0x0000000008000750                __gesf2
                0x0000000008000750                __gtsf2
 .text          0x00000000080007dc       0x88 c:/st/stm32cubeide_1.12.0/stm32cubeide/plugins/com.st.stm32cube.ide.mcu.externaltools.gnu-tools-for-stm32.10.3-2021.10.win32_1.0.200.202301161003/tools/bin/../lib/gcc/arm-none-eabi/10.3.1/thumb/v6-m/nofp\libgcc.a(lesf2.o)
                0x00000000080007dc                __ltsf2
                0x00000000080007dc                __lesf2
 .text          0x0000000008000864      0x35c c:/st/stm32cubeide_1.12.0/stm32cubeide/plugins/com.st.stm32cube.ide.mcu.externaltools.gnu-tools-for-stm32.10.3-2021.10.win32_1.0.200.202301161003/tools/bin/../lib/gcc/arm-none-eabi/10.3.1/thumb/v6-m/nofp\libgcc.a(subsf3.o)
                0x0000000008000864                __aeabi_fsub
 .text          0x0000000008000bc0       0x40 c:/st/stm32cubeide_1.12.0/stm32cubeide/plugins/com.st.stm32cube.ide.mcu.externaltools.gnu-tools-for-stm32.10.3-2021.10.win32_1.0.200.202301161003/tools/bin/../lib/gcc/arm-none-eabi/10.3.1/thumb/v6-m/nofp\libgcc.a(fixsfsi.o)
                0x0000000008000bc0                __aeabi_f2iz
 .text          0x0000000008000c00       0x9c c:/st/stm32cubeide_1.12.0/stm32cubeide/plugins/com.st.stm32cube.ide.mcu.externaltools.gnu-tools-for-stm32.10.3-2021.10.win32_1.0.200.202301161003/tools/bin/../lib/gcc/arm-none-eabi/10.3.1/thumb/v6-m/nofp\libgcc.a(floatsisf.o)
                0x0000000008000c00                __aeabi_i2f
 .text          0x0000000008000c9c       0x84 c:/st/stm32cubeide_1.12.0/stm32cubeide/plugins/com.st.stm32cube.ide.mcu.externaltools.gnu-tools-for-stm32.10.3-2021.10.win32_1.0.200.202301161003/tools/bin/../lib/gcc/arm-none-eabi/10.3.1/thumb/v6-m/nofp\libgcc.a(floatunsisf.o)
                0x0000000008000c9c                __aeabi_ui2f
 .text          0x0000000008000d20      0x678 c:/st/stm32cubeide_1.12.0/stm32cubeide/plugins/com.st.stm32cube.ide.mcu.externaltools.gnu-tools-for-stm32.10.3-2021.10.win32_1.0.200.202301161003/tools/bin/../lib/gcc/arm-none-eabi/10.3.1/thumb/v6-m/nofp\libgcc.a(adddf3.o)
                0x0000000008000d20                __aeabi_dadd
 .text          0x0000000008001398      0x5ec c:/st/stm32cubeide_1.12.0/stm32cubeide/plugins/com.st.stm32cube.ide.mcu.externaltools.gnu-tools-for-stm32.10.3-2021.10.win32_1.0.200.202301161003/tools/bin/../lib/gcc/arm-none-eabi/10.3.1/thumb/v6-m/nofp\libgcc.a(divdf3.o)
                0x0000000008001398                __aeabi_ddiv
 .text          0x0000000008001984      0x4d8 c:/st/stm32cubeide_1.12.0/stm32cubeide/plugins/com.st.stm32cube.ide.mcu.externaltools.gnu-tools-for-stm32.10.3-2021.10.win32_1.0.200.202301161003/tools/bin/../lib/gcc/arm-none-eabi/10.3.1/thumb/v6-m/nofp\libgcc.a(muldf3.o)
                0x0000000008001984                __aeabi_dmul
 .text          0x0000000008001e5c      0x724 c:/st/stm32cubeide_1.12.0/stm32cubeide/plugins/com.st.stm32cube.ide.mcu.externaltools.gnu-tools-for-stm32.10.3-2021.10.win32_1.0.200.202301161003/tools/bin/../lib/gcc/arm-none-eabi/10.3.1/thumb/v6-m/nofp\libgcc.a(subdf3.o)
                0x0000000008001e5c                __aeabi_dsub
 .text          0x0000000008002580       0x6c c:/st/stm32cubeide_1.12.0/stm32cubeide/plugins/com.st.stm32cube.ide.mcu.externaltools.gnu-tools-for-stm32.10.3-2021.10.win32_1.0.200.202301161003/tools/bin/../lib/gcc/arm-none-eabi/10.3.1/thumb/v6-m/nofp\libgcc.a(fixdfsi.o)
                0x0000000008002580                __aeabi_d2iz
 .text          0x00000000080025ec       0x60 c:/st/stm32cubeide_1.12.0/stm32cubeide/plugins/com.st.stm32cube.ide.mcu.externaltools.gnu-tools-for-stm32.10.3-2021.10.win32_1.0.200.202301161003/tools/bin/../lib/gcc/arm-none-eabi/10.3.1/thumb/v6-m/nofp\libgcc.a(floatsidf.o)
                0x00000000080025ec                __aeabi_i2d
 .text          0x000000000800264c       0x4c c:/st/stm32cubeide_1.12.0/stm32cubeide/plugins/com.st.stm32cube.ide.mcu.externaltools.gnu-tools-for-stm32.10.3-2021.10.win32_1.0.200.202301161003/tools/bin/../lib/gcc/arm-none-eabi/10.3.1/thumb/v6-m/nofp\libgcc.a(floatunsidf.o)
                0x000000000800264c                __aeabi_ui2d
 .text          0x0000000008002698       0x7c c:/st/stm32cubeide_1.12.0/stm32cubeide/plugins/com.st.stm32cube.ide.mcu.externaltools.gnu-tools-for-stm32.10.3-2021.10.win32_1.0.200.202301161003/tools/bin/../lib/gcc/arm-none-eabi/10.3.1/thumb/v6-m/nofp\libgcc.a(_arm_cmpdf2.o)
                0x0000000008002698                __aeabi_cdrcmple
                0x00000000080026a8                __aeabi_cdcmple
                0x00000000080026a8                __aeabi_cdcmpeq
                0x00000000080026b8                __aeabi_dcmpeq
                0x00000000080026c4                __aeabi_dcmplt
                0x00000000080026d8                __aeabi_dcmple
                0x00000000080026ec                __aeabi_dcmpgt
                0x0000000008002700                __aeabi_dcmpge
 .text          0x0000000008002714       0x3c c:/st/stm32cubeide_1.12.0/stm32cubeide/plugins/com.st.stm32cube.ide.mcu.externaltools.gnu-tools-for-stm32.10.3-2021.10.win32_1.0.200.202301161003/tools/bin/../lib/gcc/arm-none-eabi/10.3.1/thumb/v6-m/nofp\libgcc.a(_clzsi2.o)
                0x0000000008002714                __clzsi2
 .text          0x0000000008002750       0x84 c:/st/stm32cubeide_1.12.0/stm32cubeide/plugins/com.st.stm32cube.ide.mcu.externaltools.gnu-tools-for-stm32.10.3-2021.10.win32_1.0.200.202301161003/tools/bin/../lib/gcc/arm-none-eabi/10.3.1/thumb/v6-m/nofp\libgcc.a(eqdf2.o)
                0x0000000008002750                __nedf2
                0x0000000008002750                __eqdf2
 .text          0x00000000080027d4       0xcc c:/st/stm32cubeide_1.12.0/stm32cubeide/plugins/com.st.stm32cube.ide.mcu.externaltools.gnu-tools-for-stm32.10.3-2021.10.win32_1.0.200.202301161003/tools/bin/../lib/gcc/arm-none-eabi/10.3.1/thumb/v6-m/nofp\libgcc.a(gedf2.o)
                0x00000000080027d4                __gedf2
                0x00000000080027d4                __gtdf2
 .text          0x00000000080028a0       0xc8 c:/st/stm32cubeide_1.12.0/stm32cubeide/plugins/com.st.stm32cube.ide.mcu.externaltools.gnu-tools-for-stm32.10.3-2021.10.win32_1.0.200.202301161003/tools/bin/../lib/gcc/arm-none-eabi/10.3.1/thumb/v6-m/nofp\libgcc.a(ledf2.o)
                0x00000000080028a0                __ledf2
                0x00000000080028a0                __ltdf2
 *(.text*)
 .text.adc_update_run
                0x0000000008002968      0x1f4 ./Core/Src/adc.o
                0x0000000008002968                adc_update_run
 .text.updateAdcValues
                0x0000000008002b5c       0x18 ./Core/Src/adc.o
                0x0000000008002b5c                updateAdcValues
 .text.get_comutator_value
                0x0000000008002b74       0x44 ./Core/Src/adc.o
                0x0000000008002b74                get_comutator_value
 .text.LL_TIM_EnableCounter
                0x0000000008002bb8       0x1c ./Core/Src/comutate.o
 .text.init_comutator
                0x0000000008002bd4       0x24 ./Core/Src/comutate.o
                0x0000000008002bd4                init_comutator
 .text.calculateChecksum
                0x0000000008002bf8       0x48 ./Core/Src/eeprom.o
 .text.eeprom_read
                0x0000000008002c40       0x20 ./Core/Src/eeprom.o
                0x0000000008002c40                eeprom_read
 .text.eeprom_save
                0x0000000008002c60       0x20 ./Core/Src/eeprom.o
                0x0000000008002c60                eeprom_save
 .text.save_flash_nolib
                0x0000000008002c80      0x1c0 ./Core/Src/eeprom.o
                0x0000000008002c80                save_flash_nolib
 .text.read_flash_bin
                0x0000000008002e40       0xdc ./Core/Src/eeprom.o
                0x0000000008002e40                read_flash_bin
 .text.LL_TIM_EnableCounter
                0x0000000008002f1c       0x1c ./Core/Src/input.o
 .text.LL_TIM_CC_EnableChannel
                0x0000000008002f38       0x1e ./Core/Src/input.o
 .text.LL_TIM_EnableIT_CC1
                0x0000000008002f56       0x1c ./Core/Src/input.o
 .text.LL_TIM_GenerateEvent_UPDATE
                0x0000000008002f72       0x1c ./Core/Src/input.o
 .text.LL_GPIO_TogglePin
                0x0000000008002f8e       0x2e ./Core/Src/input.o
 .text.MAP      0x0000000008002fbc       0x3a ./Core/Src/input.o
                0x0000000008002fbc                MAP
 *fill*         0x0000000008002ff6        0x2 
 .text.is_callibred
                0x0000000008002ff8       0x64 ./Core/Src/input.o
                0x0000000008002ff8                is_callibred
 .text.enable_ic
                0x000000000800305c       0x30 ./Core/Src/input.o
                0x000000000800305c                enable_ic
 .text.init_input
                0x000000000800308c       0x78 ./Core/Src/input.o
                0x000000000800308c                init_input
 .text.capture_callback
                0x0000000008003104      0x160 ./Core/Src/input.o
                0x0000000008003104                capture_callback
 .text.__NVIC_EnableIRQ
                0x0000000008003264       0x34 ./Core/Src/io.o
 .text.__NVIC_SetPriority
                0x0000000008003298       0xdc ./Core/Src/io.o
 .text.LL_ADC_DMA_GetRegAddr
                0x0000000008003374       0x16 ./Core/Src/io.o
 *fill*         0x000000000800338a        0x2 
 .text.LL_ADC_SetCommonPathInternalCh
                0x000000000800338c       0x28 ./Core/Src/io.o
 .text.LL_ADC_SetSamplingTimeCommonChannels
                0x00000000080033b4       0x24 ./Core/Src/io.o
 .text.LL_ADC_REG_SetSequencerScanDirection
                0x00000000080033d8       0x24 ./Core/Src/io.o
 .text.LL_ADC_REG_SetSequencerChannels
                0x00000000080033fc       0x1c ./Core/Src/io.o
 .text.LL_ADC_Enable
                0x0000000008003418       0x24 ./Core/Src/io.o
 .text.LL_ADC_IsEnabled
                0x000000000800343c       0x20 ./Core/Src/io.o
 .text.LL_ADC_REG_StartConversion
                0x000000000800345c       0x24 ./Core/Src/io.o
 .text.LL_DMA_EnableChannel
                0x0000000008003480       0x3c ./Core/Src/io.o
 .text.LL_DMA_SetDataTransferDirection
                0x00000000080034bc       0x48 ./Core/Src/io.o
 .text.LL_DMA_SetMode
                0x0000000008003504       0x44 ./Core/Src/io.o
 .text.LL_DMA_SetPeriphIncMode
                0x0000000008003548       0x44 ./Core/Src/io.o
 .text.LL_DMA_SetMemoryIncMode
                0x000000000800358c       0x44 ./Core/Src/io.o
 .text.LL_DMA_SetPeriphSize
                0x00000000080035d0       0x48 ./Core/Src/io.o
 .text.LL_DMA_SetMemorySize
                0x0000000008003618       0x48 ./Core/Src/io.o
 .text.LL_DMA_SetChannelPriorityLevel
                0x0000000008003660       0x48 ./Core/Src/io.o
 .text.LL_DMA_EnableIT_TC
                0x00000000080036a8       0x3c ./Core/Src/io.o
 .text.LL_RCC_HSI_Enable
                0x00000000080036e4       0x1c ./Core/Src/io.o
 .text.LL_RCC_HSI_IsReady
                0x0000000008003700       0x20 ./Core/Src/io.o
 .text.LL_RCC_HSI_SetCalibTrimming
                0x0000000008003720       0x28 ./Core/Src/io.o
 .text.LL_RCC_HSI14_Enable
                0x0000000008003748       0x1c ./Core/Src/io.o
 .text.LL_RCC_HSI14_IsReady
                0x0000000008003764       0x20 ./Core/Src/io.o
 .text.LL_RCC_HSI14_EnableADCControl
                0x0000000008003784       0x1c ./Core/Src/io.o
 .text.LL_RCC_HSI14_SetCalibTrimming
                0x00000000080037a0       0x28 ./Core/Src/io.o
 .text.LL_RCC_SetSysClkSource
                0x00000000080037c8       0x28 ./Core/Src/io.o
 .text.LL_RCC_GetSysClkSource
                0x00000000080037f0       0x18 ./Core/Src/io.o
 .text.LL_RCC_SetAHBPrescaler
                0x0000000008003808       0x28 ./Core/Src/io.o
 .text.LL_RCC_SetAPB1Prescaler
                0x0000000008003830       0x2c ./Core/Src/io.o
 .text.LL_RCC_PLL_Enable
                0x000000000800385c       0x1c ./Core/Src/io.o
 .text.LL_RCC_PLL_IsReady
                0x0000000008003878       0x28 ./Core/Src/io.o
 .text.LL_RCC_PLL_ConfigDomain_SYS
                0x00000000080038a0       0x4c ./Core/Src/io.o
 .text.LL_AHB1_GRP1_EnableClock
                0x00000000080038ec       0x2c ./Core/Src/io.o
 .text.LL_APB1_GRP1_EnableClock
                0x0000000008003918       0x2c ./Core/Src/io.o
 .text.LL_APB1_GRP2_EnableClock
                0x0000000008003944       0x2c ./Core/Src/io.o
 .text.LL_FLASH_SetLatency
                0x0000000008003970       0x28 ./Core/Src/io.o
 .text.LL_FLASH_GetLatency
                0x0000000008003998       0x18 ./Core/Src/io.o
 .text.LL_TIM_EnableARRPreload
                0x00000000080039b0       0x1c ./Core/Src/io.o
 .text.LL_TIM_DisableARRPreload
                0x00000000080039cc       0x1e ./Core/Src/io.o
 *fill*         0x00000000080039ea        0x2 
 .text.LL_TIM_OC_DisableFast
                0x00000000080039ec       0x94 ./Core/Src/io.o
 .text.LL_TIM_OC_EnablePreload
                0x0000000008003a80       0x90 ./Core/Src/io.o
 .text.LL_TIM_IC_SetActiveInput
                0x0000000008003b10       0xa4 ./Core/Src/io.o
 .text.LL_TIM_IC_SetPrescaler
                0x0000000008003bb4       0xa4 ./Core/Src/io.o
 .text.LL_TIM_IC_SetFilter
                0x0000000008003c58       0xa4 ./Core/Src/io.o
 .text.LL_TIM_IC_SetPolarity
                0x0000000008003cfc       0x90 ./Core/Src/io.o
 .text.LL_TIM_SetClockSource
                0x0000000008003d8c       0x28 ./Core/Src/io.o
 .text.LL_TIM_SetTriggerOutput
                0x0000000008003db4       0x24 ./Core/Src/io.o
 .text.LL_TIM_DisableMasterSlaveMode
                0x0000000008003dd8       0x1e ./Core/Src/io.o
 .text.LL_USART_Enable
                0x0000000008003df6       0x1c ./Core/Src/io.o
 *fill*         0x0000000008003e12        0x2 
 .text.LL_USART_ConfigAsyncMode
                0x0000000008003e14       0x30 ./Core/Src/io.o
 .text.LL_USART_DisableIT_CTS
                0x0000000008003e44       0x44 ./Core/Src/io.o
 .text.LL_GPIO_SetPinPull
                0x0000000008003e88       0x38 ./Core/Src/io.o
 .text.LL_GPIO_SetOutputPin
                0x0000000008003ec0       0x18 ./Core/Src/io.o
 .text.LL_GPIO_ResetOutputPin
                0x0000000008003ed8       0x18 ./Core/Src/io.o
 .text.io_init  0x0000000008003ef0       0x4e ./Core/Src/io.o
                0x0000000008003ef0                io_init
 *fill*         0x0000000008003f3e        0x2 
 .text.SystemClock_Config
                0x0000000008003f40       0x9c ./Core/Src/io.o
                0x0000000008003f40                SystemClock_Config
 .text.MX_TIM1_Init
                0x0000000008003fdc      0x3d0 ./Core/Src/io.o
 .text.MX_TIM3_Init
                0x00000000080043ac      0x160 ./Core/Src/io.o
 .text.MX_TIM14_Init
                0x000000000800450c       0xac ./Core/Src/io.o
 .text.MX_TIM16_Init
                0x00000000080045b8       0xa0 ./Core/Src/io.o
 .text.MX_TIM17_Init
                0x0000000008004658       0x64 ./Core/Src/io.o
 .text.MX_USART1_UART_Init
                0x00000000080046bc       0xfc ./Core/Src/io.o
 .text.MX_DMA_Init
                0x00000000080047b8       0x2c ./Core/Src/io.o
 .text.MX_GPIO_Init
                0x00000000080047e4      0x124 ./Core/Src/io.o
 .text.MX_ADC_Init
                0x0000000008004908      0x214 ./Core/Src/io.o
 .text.LL_TIM_EnableCounter
                0x0000000008004b1c       0x1c ./Core/Src/pwm.o
 .text.LL_TIM_DisableCounter
                0x0000000008004b38       0x1e ./Core/Src/pwm.o
 .text.LL_TIM_SetAutoReload
                0x0000000008004b56       0x18 ./Core/Src/pwm.o
 .text.LL_TIM_CC_EnableChannel
                0x0000000008004b6e       0x1e ./Core/Src/pwm.o
 .text.LL_TIM_CC_DisableChannel
                0x0000000008004b8c       0x20 ./Core/Src/pwm.o
 .text.LL_TIM_OC_SetMode
                0x0000000008004bac       0xa4 ./Core/Src/pwm.o
 .text.LL_TIM_OC_SetDeadTime
                0x0000000008004c50       0x24 ./Core/Src/pwm.o
 .text.LL_TIM_OC_SetCompareCH1
                0x0000000008004c74       0x18 ./Core/Src/pwm.o
 .text.LL_TIM_OC_SetCompareCH2
                0x0000000008004c8c       0x18 ./Core/Src/pwm.o
 .text.LL_TIM_OC_SetCompareCH3
                0x0000000008004ca4       0x18 ./Core/Src/pwm.o
 .text.LL_TIM_EnableAllOutputs
                0x0000000008004cbc       0x1e ./Core/Src/pwm.o
 .text.LL_TIM_EnableIT_UPDATE
                0x0000000008004cda       0x1c ./Core/Src/pwm.o
 .text.LL_TIM_GenerateEvent_COM
                0x0000000008004cf6       0x1c ./Core/Src/pwm.o
 .text.irq_primask_disable
                0x0000000008004d12       0x1a ./Core/Src/pwm.o
 .text.irq_primask_enable
                0x0000000008004d2c       0x1a ./Core/Src/pwm.o
 *fill*         0x0000000008004d46        0x2 
 .text.init_constants
                0x0000000008004d48      0x110 ./Core/Src/pwm.o
 .text.motor_pwm_init
                0x0000000008004e58       0x1c ./Core/Src/pwm.o
                0x0000000008004e58                motor_pwm_init
 .text.set_timer_autoreload
                0x0000000008004e74       0x30 ./Core/Src/pwm.o
                0x0000000008004e74                set_timer_autoreload
 .text.set_comutate_freq
                0x0000000008004ea4       0x2c ./Core/Src/pwm.o
                0x0000000008004ea4                set_comutate_freq
 .text.phase_float
                0x0000000008004ed0       0xa0 ./Core/Src/pwm.o
 .text.phase_n_pwm
                0x0000000008004f70       0xa0 ./Core/Src/pwm.o
 .text.phase_p_pwm
                0x0000000008005010       0xa0 ./Core/Src/pwm.o
 .text.motor_pwm_stop
                0x00000000080050b0       0xb4 ./Core/Src/pwm.o
 .text.motor_pwm_brake
                0x0000000008005164       0x80 ./Core/Src/pwm.o
 .text.motor_step
                0x00000000080051e4       0xd8 ./Core/Src/pwm.o
                0x00000000080051e4                motor_step
 .text.motor_pwm_set_freewheeling
                0x00000000080052bc       0x16 ./Core/Src/pwm.o
                0x00000000080052bc                motor_pwm_set_freewheeling
 .text.motor_pwm_set_break
                0x00000000080052d2       0x16 ./Core/Src/pwm.o
                0x00000000080052d2                motor_pwm_set_break
 .text.set_pwm_compare
                0x00000000080052e8       0x38 ./Core/Src/pwm.o
                0x00000000080052e8                set_pwm_compare
 .text.comutate_start_motor
                0x0000000008005320       0x24 ./Core/Src/pwm.o
                0x0000000008005320                comutate_start_motor
 .text.motor_pwm_set_pwm_val
                0x0000000008005344      0x1b0 ./Core/Src/pwm.o
                0x0000000008005344                motor_pwm_set_pwm_val
 .text.comutate_timer_callback
                0x00000000080054f4      0x12c ./Core/Src/pwm.o
                0x00000000080054f4                comutate_timer_callback
 .text.timer_sinus_callback
                0x0000000008005620        0xa ./Core/Src/pwm.o
                0x0000000008005620                timer_sinus_callback
 *fill*         0x000000000800562a        0x2 
 .text.motorTuneReady
                0x000000000800562c       0x4c ./Core/Src/pwm.o
                0x000000000800562c                motorTuneReady
 .text.motorTuneInput
                0x0000000008005678       0x4c ./Core/Src/pwm.o
                0x0000000008005678                motorTuneInput
 .text.__NVIC_SystemReset
                0x00000000080056c4       0x24 ./Core/Src/run.o
 .text.LL_GPIO_SetOutputPin
                0x00000000080056e8       0x18 ./Core/Src/run.o
 .text.LL_GPIO_ResetOutputPin
                0x0000000008005700       0x18 ./Core/Src/run.o
 .text.main     0x0000000008005718      0x114 ./Core/Src/run.o
                0x0000000008005718                main
 .text.LL_DMA_IsActiveFlag_TC1
                0x000000000800582c       0x20 ./Core/Src/stm32f0xx_it.o
 .text.LL_DMA_IsActiveFlag_TC2
                0x000000000800584c       0x20 ./Core/Src/stm32f0xx_it.o
 .text.LL_DMA_IsActiveFlag_TC3
                0x000000000800586c       0x2c ./Core/Src/stm32f0xx_it.o
 .text.LL_DMA_IsActiveFlag_TC4
                0x0000000008005898       0x2c ./Core/Src/stm32f0xx_it.o
 .text.LL_DMA_IsActiveFlag_TC5
                0x00000000080058c4       0x2c ./Core/Src/stm32f0xx_it.o
 .text.LL_DMA_IsActiveFlag_HT4
                0x00000000080058f0       0x2c ./Core/Src/stm32f0xx_it.o
 .text.LL_DMA_IsActiveFlag_TE4
                0x000000000800591c       0x2c ./Core/Src/stm32f0xx_it.o
 .text.LL_DMA_ClearFlag_GI2
                0x0000000008005948       0x16 ./Core/Src/stm32f0xx_it.o
 .text.LL_DMA_ClearFlag_GI3
                0x000000000800595e       0x18 ./Core/Src/stm32f0xx_it.o
 .text.LL_DMA_ClearFlag_GI4
                0x0000000008005976       0x18 ./Core/Src/stm32f0xx_it.o
 .text.LL_DMA_ClearFlag_GI5
                0x000000000800598e       0x18 ./Core/Src/stm32f0xx_it.o
 .text.LL_DMA_ClearFlag_TC1
                0x00000000080059a6       0x16 ./Core/Src/stm32f0xx_it.o
 .text.LL_DMA_ClearFlag_HT4
                0x00000000080059bc       0x18 ./Core/Src/stm32f0xx_it.o
 .text.LL_DMA_ClearFlag_TE4
                0x00000000080059d4       0x18 ./Core/Src/stm32f0xx_it.o
 .text.LL_TIM_SetCounter
                0x00000000080059ec       0x18 ./Core/Src/stm32f0xx_it.o
 .text.LL_TIM_IC_SetPolarity
                0x0000000008005a04       0x90 ./Core/Src/stm32f0xx_it.o
 .text.LL_TIM_IC_GetPolarity
                0x0000000008005a94       0x80 ./Core/Src/stm32f0xx_it.o
 .text.LL_TIM_ClearFlag_UPDATE
                0x0000000008005b14       0x18 ./Core/Src/stm32f0xx_it.o
 .text.LL_TIM_IsActiveFlag_UPDATE
                0x0000000008005b2c       0x22 ./Core/Src/stm32f0xx_it.o
 .text.LL_TIM_ClearFlag_CC1
                0x0000000008005b4e       0x18 ./Core/Src/stm32f0xx_it.o
 .text.LL_TIM_IsActiveFlag_CC1
                0x0000000008005b66       0x22 ./Core/Src/stm32f0xx_it.o
 .text.NMI_Handler
                0x0000000008005b88        0x6 ./Core/Src/stm32f0xx_it.o
                0x0000000008005b88                NMI_Handler
 .text.HardFault_Handler
                0x0000000008005b8e        0x6 ./Core/Src/stm32f0xx_it.o
                0x0000000008005b8e                HardFault_Handler
 .text.SVC_Handler
                0x0000000008005b94        0xa ./Core/Src/stm32f0xx_it.o
                0x0000000008005b94                SVC_Handler
 .text.PendSV_Handler
                0x0000000008005b9e        0xa ./Core/Src/stm32f0xx_it.o
                0x0000000008005b9e                PendSV_Handler
 .text.SysTick_Handler
                0x0000000008005ba8        0xa ./Core/Src/stm32f0xx_it.o
                0x0000000008005ba8                SysTick_Handler
 *fill*         0x0000000008005bb2        0x2 
 .text.DMA1_Channel1_IRQHandler
                0x0000000008005bb4       0x28 ./Core/Src/stm32f0xx_it.o
                0x0000000008005bb4                DMA1_Channel1_IRQHandler
 .text.DMA1_Channel2_3_IRQHandler
                0x0000000008005bdc       0x38 ./Core/Src/stm32f0xx_it.o
                0x0000000008005bdc                DMA1_Channel2_3_IRQHandler
 .text.DMA1_Channel4_5_IRQHandler
                0x0000000008005c14       0x8c ./Core/Src/stm32f0xx_it.o
                0x0000000008005c14                DMA1_Channel4_5_IRQHandler
 .text.TIM1_BRK_UP_TRG_COM_IRQHandler
                0x0000000008005ca0       0x28 ./Core/Src/stm32f0xx_it.o
                0x0000000008005ca0                TIM1_BRK_UP_TRG_COM_IRQHandler
 .text.TIM3_IRQHandler
                0x0000000008005cc8       0xa8 ./Core/Src/stm32f0xx_it.o
                0x0000000008005cc8                TIM3_IRQHandler
 .text.TIM14_IRQHandler
                0x0000000008005d70       0x40 ./Core/Src/stm32f0xx_it.o
                0x0000000008005d70                TIM14_IRQHandler
 .text.SystemInit
                0x0000000008005db0        0xa ./Core/Src/system_stm32f0xx.o
                0x0000000008005db0                SystemInit
 .text.uprintf  0x0000000008005dba       0x12 ./Core/Src/uart.o
                0x0000000008005dba                uprintf
 .text.Reset_Handler
                0x0000000008005dcc       0x50 ./Core/Startup/startup_stm32f030k6tx.o
                0x0000000008005dcc                Reset_Handler
 .text.Default_Handler
                0x0000000008005e1c        0x2 ./Core/Startup/startup_stm32f030k6tx.o
                0x0000000008005e1c                TIM1_CC_IRQHandler
                0x0000000008005e1c                I2C1_IRQHandler
                0x0000000008005e1c                SPI1_IRQHandler
                0x0000000008005e1c                EXTI2_3_IRQHandler
                0x0000000008005e1c                ADC1_IRQHandler
                0x0000000008005e1c                TIM17_IRQHandler
                0x0000000008005e1c                RTC_IRQHandler
                0x0000000008005e1c                TIM16_IRQHandler
                0x0000000008005e1c                EXTI4_15_IRQHandler
                0x0000000008005e1c                RCC_IRQHandler
                0x0000000008005e1c                Default_Handler
                0x0000000008005e1c                EXTI0_1_IRQHandler
                0x0000000008005e1c                WWDG_IRQHandler
                0x0000000008005e1c                FLASH_IRQHandler
                0x0000000008005e1c                USART1_IRQHandler
 *fill*         0x0000000008005e1e        0x2 
 .text.LL_ADC_REG_SetTriggerSource
                0x0000000008005e20       0x28 ./Drivers/STM32F0xx_HAL_Driver/Src/stm32f0xx_ll_adc.o
 .text.LL_ADC_Disable
                0x0000000008005e48       0x24 ./Drivers/STM32F0xx_HAL_Driver/Src/stm32f0xx_ll_adc.o
 .text.LL_ADC_IsEnabled
                0x0000000008005e6c       0x20 ./Drivers/STM32F0xx_HAL_Driver/Src/stm32f0xx_ll_adc.o
 .text.LL_ADC_IsDisableOngoing
                0x0000000008005e8c       0x20 ./Drivers/STM32F0xx_HAL_Driver/Src/stm32f0xx_ll_adc.o
 .text.LL_ADC_REG_StopConversion
                0x0000000008005eac       0x24 ./Drivers/STM32F0xx_HAL_Driver/Src/stm32f0xx_ll_adc.o
 .text.LL_ADC_REG_IsConversionOngoing
                0x0000000008005ed0       0x20 ./Drivers/STM32F0xx_HAL_Driver/Src/stm32f0xx_ll_adc.o
 .text.LL_ADC_REG_IsStopConversionOngoing
                0x0000000008005ef0       0x20 ./Drivers/STM32F0xx_HAL_Driver/Src/stm32f0xx_ll_adc.o
 .text.LL_APB1_GRP2_ForceReset
                0x0000000008005f10       0x20 ./Drivers/STM32F0xx_HAL_Driver/Src/stm32f0xx_ll_adc.o
 .text.LL_APB1_GRP2_ReleaseReset
                0x0000000008005f30       0x24 ./Drivers/STM32F0xx_HAL_Driver/Src/stm32f0xx_ll_adc.o
 .text.LL_ADC_CommonDeInit
                0x0000000008005f54       0x26 ./Drivers/STM32F0xx_HAL_Driver/Src/stm32f0xx_ll_adc.o
                0x0000000008005f54                LL_ADC_CommonDeInit
 *fill*         0x0000000008005f7a        0x2 
 .text.LL_ADC_DeInit
                0x0000000008005f7c      0x140 ./Drivers/STM32F0xx_HAL_Driver/Src/stm32f0xx_ll_adc.o
                0x0000000008005f7c                LL_ADC_DeInit
 .text.LL_ADC_Init
                0x00000000080060bc       0x6c ./Drivers/STM32F0xx_HAL_Driver/Src/stm32f0xx_ll_adc.o
                0x00000000080060bc                LL_ADC_Init
 .text.LL_ADC_REG_Init
                0x0000000008006128       0x64 ./Drivers/STM32F0xx_HAL_Driver/Src/stm32f0xx_ll_adc.o
                0x0000000008006128                LL_ADC_REG_Init
 .text.LL_DMA_ConfigTransfer
                0x000000000800618c       0x48 ./Drivers/STM32F0xx_HAL_Driver/Src/stm32f0xx_ll_dma.o
 .text.LL_DMA_SetDataLength
                0x00000000080061d4       0x40 ./Drivers/STM32F0xx_HAL_Driver/Src/stm32f0xx_ll_dma.o
 .text.LL_DMA_SetMemoryAddress
                0x0000000008006214       0x2c ./Drivers/STM32F0xx_HAL_Driver/Src/stm32f0xx_ll_dma.o
 .text.LL_DMA_SetPeriphAddress
                0x0000000008006240       0x2c ./Drivers/STM32F0xx_HAL_Driver/Src/stm32f0xx_ll_dma.o
 .text.LL_DMA_ClearFlag_GI1
                0x000000000800626c       0x16 ./Drivers/STM32F0xx_HAL_Driver/Src/stm32f0xx_ll_dma.o
 .text.LL_DMA_ClearFlag_GI2
                0x0000000008006282       0x16 ./Drivers/STM32F0xx_HAL_Driver/Src/stm32f0xx_ll_dma.o
 .text.LL_DMA_ClearFlag_GI3
                0x0000000008006298       0x18 ./Drivers/STM32F0xx_HAL_Driver/Src/stm32f0xx_ll_dma.o
 .text.LL_DMA_ClearFlag_GI4
                0x00000000080062b0       0x18 ./Drivers/STM32F0xx_HAL_Driver/Src/stm32f0xx_ll_dma.o
 .text.LL_DMA_ClearFlag_GI5
                0x00000000080062c8       0x18 ./Drivers/STM32F0xx_HAL_Driver/Src/stm32f0xx_ll_dma.o
 .text.LL_DMA_DeInit
                0x00000000080062e0      0x10c ./Drivers/STM32F0xx_HAL_Driver/Src/stm32f0xx_ll_dma.o
                0x00000000080062e0                LL_DMA_DeInit
 .text.LL_DMA_Init
                0x00000000080063ec       0x72 ./Drivers/STM32F0xx_HAL_Driver/Src/stm32f0xx_ll_dma.o
                0x00000000080063ec                LL_DMA_Init
 .text.LL_GPIO_SetPinMode
                0x000000000800645e       0x38 ./Drivers/STM32F0xx_HAL_Driver/Src/stm32f0xx_ll_gpio.o
 .text.LL_GPIO_SetPinOutputType
                0x0000000008006496       0x2a ./Drivers/STM32F0xx_HAL_Driver/Src/stm32f0xx_ll_gpio.o
 .text.LL_GPIO_SetPinSpeed
                0x00000000080064c0       0x38 ./Drivers/STM32F0xx_HAL_Driver/Src/stm32f0xx_ll_gpio.o
 .text.LL_GPIO_SetPinPull
                0x00000000080064f8       0x38 ./Drivers/STM32F0xx_HAL_Driver/Src/stm32f0xx_ll_gpio.o
 .text.LL_GPIO_SetAFPin_0_7
                0x0000000008006530       0x46 ./Drivers/STM32F0xx_HAL_Driver/Src/stm32f0xx_ll_gpio.o
 .text.LL_GPIO_SetAFPin_8_15
                0x0000000008006576       0x5a ./Drivers/STM32F0xx_HAL_Driver/Src/stm32f0xx_ll_gpio.o
 .text.LL_GPIO_Init
                0x00000000080065d0       0xb8 ./Drivers/STM32F0xx_HAL_Driver/Src/stm32f0xx_ll_gpio.o
                0x00000000080065d0                LL_GPIO_Init
 .text.LL_RCC_HSI_IsReady
                0x0000000008006688       0x20 ./Drivers/STM32F0xx_HAL_Driver/Src/stm32f0xx_ll_rcc.o
 .text.LL_RCC_LSE_IsReady
                0x00000000080066a8       0x20 ./Drivers/STM32F0xx_HAL_Driver/Src/stm32f0xx_ll_rcc.o
 .text.LL_RCC_GetSysClkSource
                0x00000000080066c8       0x18 ./Drivers/STM32F0xx_HAL_Driver/Src/stm32f0xx_ll_rcc.o
 .text.LL_RCC_GetAHBPrescaler
                0x00000000080066e0       0x18 ./Drivers/STM32F0xx_HAL_Driver/Src/stm32f0xx_ll_rcc.o
 .text.LL_RCC_GetAPB1Prescaler
                0x00000000080066f8       0x18 ./Drivers/STM32F0xx_HAL_Driver/Src/stm32f0xx_ll_rcc.o
 .text.LL_RCC_GetUSARTClockSource
                0x0000000008006710       0x28 ./Drivers/STM32F0xx_HAL_Driver/Src/stm32f0xx_ll_rcc.o
 .text.LL_RCC_PLL_GetMainSource
                0x0000000008006738       0x18 ./Drivers/STM32F0xx_HAL_Driver/Src/stm32f0xx_ll_rcc.o
 .text.LL_RCC_PLL_GetMultiplicator
                0x0000000008006750       0x18 ./Drivers/STM32F0xx_HAL_Driver/Src/stm32f0xx_ll_rcc.o
 .text.LL_RCC_PLL_GetPrediv
                0x0000000008006768       0x18 ./Drivers/STM32F0xx_HAL_Driver/Src/stm32f0xx_ll_rcc.o
 .text.LL_RCC_GetUSARTClockFreq
                0x0000000008006780       0x88 ./Drivers/STM32F0xx_HAL_Driver/Src/stm32f0xx_ll_rcc.o
                0x0000000008006780                LL_RCC_GetUSARTClockFreq
 .text.RCC_GetSystemClockFreq
                0x0000000008006808       0x4c ./Drivers/STM32F0xx_HAL_Driver/Src/stm32f0xx_ll_rcc.o
                0x0000000008006808                RCC_GetSystemClockFreq
 .text.RCC_GetHCLKClockFreq
                0x0000000008006854       0x2c ./Drivers/STM32F0xx_HAL_Driver/Src/stm32f0xx_ll_rcc.o
                0x0000000008006854                RCC_GetHCLKClockFreq
 .text.RCC_GetPCLK1ClockFreq
                0x0000000008006880       0x28 ./Drivers/STM32F0xx_HAL_Driver/Src/stm32f0xx_ll_rcc.o
                0x0000000008006880                RCC_GetPCLK1ClockFreq
 .text.RCC_PLL_GetFreqDomain_SYS
                0x00000000080068a8       0x70 ./Drivers/STM32F0xx_HAL_Driver/Src/stm32f0xx_ll_rcc.o
                0x00000000080068a8                RCC_PLL_GetFreqDomain_SYS
 .text.LL_TIM_SetPrescaler
                0x0000000008006918       0x18 ./Drivers/STM32F0xx_HAL_Driver/Src/stm32f0xx_ll_tim.o
 .text.LL_TIM_SetAutoReload
                0x0000000008006930       0x18 ./Drivers/STM32F0xx_HAL_Driver/Src/stm32f0xx_ll_tim.o
 .text.LL_TIM_SetRepetitionCounter
                0x0000000008006948       0x18 ./Drivers/STM32F0xx_HAL_Driver/Src/stm32f0xx_ll_tim.o
 .text.LL_TIM_OC_SetCompareCH1
                0x0000000008006960       0x18 ./Drivers/STM32F0xx_HAL_Driver/Src/stm32f0xx_ll_tim.o
 .text.LL_TIM_OC_SetCompareCH2
                0x0000000008006978       0x18 ./Drivers/STM32F0xx_HAL_Driver/Src/stm32f0xx_ll_tim.o
 .text.LL_TIM_OC_SetCompareCH3
                0x0000000008006990       0x18 ./Drivers/STM32F0xx_HAL_Driver/Src/stm32f0xx_ll_tim.o
 .text.LL_TIM_OC_SetCompareCH4
                0x00000000080069a8       0x18 ./Drivers/STM32F0xx_HAL_Driver/Src/stm32f0xx_ll_tim.o
 .text.LL_TIM_GenerateEvent_UPDATE
                0x00000000080069c0       0x1c ./Drivers/STM32F0xx_HAL_Driver/Src/stm32f0xx_ll_tim.o
 .text.LL_TIM_Init
                0x00000000080069dc       0xdc ./Drivers/STM32F0xx_HAL_Driver/Src/stm32f0xx_ll_tim.o
                0x00000000080069dc                LL_TIM_Init
 .text.LL_TIM_OC_Init
                0x0000000008006ab8       0xb2 ./Drivers/STM32F0xx_HAL_Driver/Src/stm32f0xx_ll_tim.o
                0x0000000008006ab8                LL_TIM_OC_Init
 *fill*         0x0000000008006b6a        0x2 
 .text.LL_TIM_BDTR_Init
                0x0000000008006b6c       0xac ./Drivers/STM32F0xx_HAL_Driver/Src/stm32f0xx_ll_tim.o
                0x0000000008006b6c                LL_TIM_BDTR_Init
 .text.OC1Config
                0x0000000008006c18       0xfc ./Drivers/STM32F0xx_HAL_Driver/Src/stm32f0xx_ll_tim.o
 .text.OC2Config
                0x0000000008006d14      0x108 ./Drivers/STM32F0xx_HAL_Driver/Src/stm32f0xx_ll_tim.o
 .text.OC3Config
                0x0000000008006e1c      0x108 ./Drivers/STM32F0xx_HAL_Driver/Src/stm32f0xx_ll_tim.o
 .text.OC4Config
                0x0000000008006f24       0xd4 ./Drivers/STM32F0xx_HAL_Driver/Src/stm32f0xx_ll_tim.o
 .text.LL_USART_IsEnabled
                0x0000000008006ff8       0x22 ./Drivers/STM32F0xx_HAL_Driver/Src/stm32f0xx_ll_usart.o
 *fill*         0x000000000800701a        0x2 
 .text.LL_USART_SetStopBitsLength
                0x000000000800701c       0x28 ./Drivers/STM32F0xx_HAL_Driver/Src/stm32f0xx_ll_usart.o
 .text.LL_USART_SetHWFlowCtrl
                0x0000000008007044       0x28 ./Drivers/STM32F0xx_HAL_Driver/Src/stm32f0xx_ll_usart.o
 .text.LL_USART_SetBaudRate
                0x000000000800706c       0x78 ./Drivers/STM32F0xx_HAL_Driver/Src/stm32f0xx_ll_usart.o
 .text.LL_USART_Init
                0x00000000080070e4       0xb0 ./Drivers/STM32F0xx_HAL_Driver/Src/stm32f0xx_ll_usart.o
                0x00000000080070e4                LL_USART_Init
 .text.LL_InitTick
                0x0000000008007194       0x34 ./Drivers/STM32F0xx_HAL_Driver/Src/stm32f0xx_ll_utils.o
 .text.LL_Init1msTick
                0x00000000080071c8       0x1e ./Drivers/STM32F0xx_HAL_Driver/Src/stm32f0xx_ll_utils.o
                0x00000000080071c8                LL_Init1msTick
 *fill*         0x00000000080071e6        0x2 
 .text.LL_mDelay
                0x00000000080071e8       0x44 ./Drivers/STM32F0xx_HAL_Driver/Src/stm32f0xx_ll_utils.o
                0x00000000080071e8                LL_mDelay
 .text.LL_SetSystemCoreClock
                0x000000000800722c       0x1c ./Drivers/STM32F0xx_HAL_Driver/Src/stm32f0xx_ll_utils.o
                0x000000000800722c                LL_SetSystemCoreClock
 .text.__libc_init_array
                0x0000000008007248       0x48 c:/st/stm32cubeide_1.12.0/stm32cubeide/plugins/com.st.stm32cube.ide.mcu.externaltools.gnu-tools-for-stm32.10.3-2021.10.win32_1.0.200.202301161003/tools/bin/../lib/gcc/arm-none-eabi/10.3.1/../../../../arm-none-eabi/lib/thumb/v6-m/nofp\libc_nano.a(lib_a-init.o)
                0x0000000008007248                __libc_init_array
 .text.memcpy   0x0000000008007290       0x12 c:/st/stm32cubeide_1.12.0/stm32cubeide/plugins/com.st.stm32cube.ide.mcu.externaltools.gnu-tools-for-stm32.10.3-2021.10.win32_1.0.200.202301161003/tools/bin/../lib/gcc/arm-none-eabi/10.3.1/../../../../arm-none-eabi/lib/thumb/v6-m/nofp\libc_nano.a(lib_a-memcpy-stub.o)
                0x0000000008007290                memcpy
 .text.memset   0x00000000080072a2       0x10 c:/st/stm32cubeide_1.12.0/stm32cubeide/plugins/com.st.stm32cube.ide.mcu.externaltools.gnu-tools-for-stm32.10.3-2021.10.win32_1.0.200.202301161003/tools/bin/../lib/gcc/arm-none-eabi/10.3.1/../../../../arm-none-eabi/lib/thumb/v6-m/nofp\libc_nano.a(lib_a-memset.o)
                0x00000000080072a2                memset
 *(.glue_7)
 .glue_7        0x00000000080072b2        0x0 linker stubs
 *(.glue_7t)
 .glue_7t       0x00000000080072b2        0x0 linker stubs
 *(.eh_frame)
 *fill*         0x00000000080072b2        0x2 
 .eh_frame      0x00000000080072b4        0x0 c:/st/stm32cubeide_1.12.0/stm32cubeide/plugins/com.st.stm32cube.ide.mcu.externaltools.gnu-tools-for-stm32.10.3-2021.10.win32_1.0.200.202301161003/tools/bin/../lib/gcc/arm-none-eabi/10.3.1/thumb/v6-m/nofp/crtbegin.o
 *(.init)
 .init          0x00000000080072b4        0x4 c:/st/stm32cubeide_1.12.0/stm32cubeide/plugins/com.st.stm32cube.ide.mcu.externaltools.gnu-tools-for-stm32.10.3-2021.10.win32_1.0.200.202301161003/tools/bin/../lib/gcc/arm-none-eabi/10.3.1/thumb/v6-m/nofp/crti.o
                0x00000000080072b4                _init
 .init          0x00000000080072b8        0x8 c:/st/stm32cubeide_1.12.0/stm32cubeide/plugins/com.st.stm32cube.ide.mcu.externaltools.gnu-tools-for-stm32.10.3-2021.10.win32_1.0.200.202301161003/tools/bin/../lib/gcc/arm-none-eabi/10.3.1/thumb/v6-m/nofp/crtn.o
 *(.fini)
 .fini          0x00000000080072c0        0x4 c:/st/stm32cubeide_1.12.0/stm32cubeide/plugins/com.st.stm32cube.ide.mcu.externaltools.gnu-tools-for-stm32.10.3-2021.10.win32_1.0.200.202301161003/tools/bin/../lib/gcc/arm-none-eabi/10.3.1/thumb/v6-m/nofp/crti.o
                0x00000000080072c0                _fini
 .fini          0x00000000080072c4        0x8 c:/st/stm32cubeide_1.12.0/stm32cubeide/plugins/com.st.stm32cube.ide.mcu.externaltools.gnu-tools-for-stm32.10.3-2021.10.win32_1.0.200.202301161003/tools/bin/../lib/gcc/arm-none-eabi/10.3.1/thumb/v6-m/nofp/crtn.o
                0x00000000080072cc                . = ALIGN (0x4)
                0x00000000080072cc                _etext = .

.vfp11_veneer   0x00000000080072cc        0x0
 .vfp11_veneer  0x00000000080072cc        0x0 linker stubs

.v4_bx          0x00000000080072cc        0x0
 .v4_bx         0x00000000080072cc        0x0 linker stubs

.iplt           0x00000000080072cc        0x0
 .iplt          0x00000000080072cc        0x0 c:/st/stm32cubeide_1.12.0/stm32cubeide/plugins/com.st.stm32cube.ide.mcu.externaltools.gnu-tools-for-stm32.10.3-2021.10.win32_1.0.200.202301161003/tools/bin/../lib/gcc/arm-none-eabi/10.3.1/thumb/v6-m/nofp/crtbegin.o

.rodata         0x00000000080072cc      0x1e4
                0x00000000080072cc                . = ALIGN (0x4)
 *(.rodata)
 .rodata        0x00000000080072cc       0x68 ./Core/Src/run.o
 .rodata        0x0000000008007334       0x80 c:/st/stm32cubeide_1.12.0/stm32cubeide/plugins/com.st.stm32cube.ide.mcu.externaltools.gnu-tools-for-stm32.10.3-2021.10.win32_1.0.200.202301161003/tools/bin/../lib/gcc/arm-none-eabi/10.3.1/thumb/v6-m/nofp\libgcc.a(divsf3.o)
 .rodata        0x00000000080073b4       0x40 c:/st/stm32cubeide_1.12.0/stm32cubeide/plugins/com.st.stm32cube.ide.mcu.externaltools.gnu-tools-for-stm32.10.3-2021.10.win32_1.0.200.202301161003/tools/bin/../lib/gcc/arm-none-eabi/10.3.1/thumb/v6-m/nofp\libgcc.a(divdf3.o)
 .rodata        0x00000000080073f4       0x40 c:/st/stm32cubeide_1.12.0/stm32cubeide/plugins/com.st.stm32cube.ide.mcu.externaltools.gnu-tools-for-stm32.10.3-2021.10.win32_1.0.200.202301161003/tools/bin/../lib/gcc/arm-none-eabi/10.3.1/thumb/v6-m/nofp\libgcc.a(muldf3.o)
 *(.rodata*)
 .rodata.CHANNEL_OFFSET_TAB
                0x0000000008007434        0x5 ./Core/Src/io.o
 *fill*         0x0000000008007439        0x3 
 .rodata.OFFSET_TAB_CCMRx
                0x000000000800743c        0x7 ./Core/Src/io.o
 *fill*         0x0000000008007443        0x1 
 .rodata.SHIFT_TAB_OCxx
                0x0000000008007444        0x7 ./Core/Src/io.o
 *fill*         0x000000000800744b        0x1 
 .rodata.SHIFT_TAB_ICxx
                0x000000000800744c        0x7 ./Core/Src/io.o
 *fill*         0x0000000008007453        0x1 
 .rodata.SHIFT_TAB_CCxP
                0x0000000008007454        0x7 ./Core/Src/io.o
 *fill*         0x000000000800745b        0x1 
 .rodata.OFFSET_TAB_CCMRx
                0x000000000800745c        0x7 ./Core/Src/pwm.o
 *fill*         0x0000000008007463        0x1 
 .rodata.SHIFT_TAB_OCxx
                0x0000000008007464        0x7 ./Core/Src/pwm.o
 *fill*         0x000000000800746b        0x1 
 .rodata.motor_step
                0x000000000800746c       0x1c ./Core/Src/pwm.o
 .rodata.SHIFT_TAB_CCxP
                0x0000000008007488        0x7 ./Core/Src/stm32f0xx_it.o
 *fill*         0x000000000800748f        0x1 
 .rodata.AHBPrescTable
                0x0000000008007490       0x10 ./Core/Src/system_stm32f0xx.o
                0x0000000008007490                AHBPrescTable
 .rodata.APBPrescTable
                0x00000000080074a0        0x8 ./Core/Src/system_stm32f0xx.o
                0x00000000080074a0                APBPrescTable
 .rodata.CHANNEL_OFFSET_TAB
                0x00000000080074a8        0x5 ./Drivers/STM32F0xx_HAL_Driver/Src/stm32f0xx_ll_dma.o
                0x00000000080074b0                . = ALIGN (0x4)
 *fill*         0x00000000080074ad        0x3 

.rel.dyn        0x00000000080074b0        0x0
 .rel.iplt      0x00000000080074b0        0x0 c:/st/stm32cubeide_1.12.0/stm32cubeide/plugins/com.st.stm32cube.ide.mcu.externaltools.gnu-tools-for-stm32.10.3-2021.10.win32_1.0.200.202301161003/tools/bin/../lib/gcc/arm-none-eabi/10.3.1/thumb/v6-m/nofp/crtbegin.o

.ARM.extab      0x00000000080074b0        0x0
                0x00000000080074b0                . = ALIGN (0x4)
 *(.ARM.extab* .gnu.linkonce.armextab.*)
                0x00000000080074b0                . = ALIGN (0x4)

.ARM            0x00000000080074b0        0x0
                0x00000000080074b0                . = ALIGN (0x4)
                0x00000000080074b0                __exidx_start = .
 *(.ARM.exidx*)
                0x00000000080074b0                __exidx_end = .
                0x00000000080074b0                . = ALIGN (0x4)

.preinit_array  0x00000000080074b0        0x0
                0x00000000080074b0                . = ALIGN (0x4)
                0x00000000080074b0                PROVIDE (__preinit_array_start = .)
 *(.preinit_array*)
                0x00000000080074b0                PROVIDE (__preinit_array_end = .)
                0x00000000080074b0                . = ALIGN (0x4)

.init_array     0x00000000080074b0        0x4
                0x00000000080074b0                . = ALIGN (0x4)
                0x00000000080074b0                PROVIDE (__init_array_start = .)
 *(SORT_BY_NAME(.init_array.*))
 *(.init_array*)
 .init_array    0x00000000080074b0        0x4 c:/st/stm32cubeide_1.12.0/stm32cubeide/plugins/com.st.stm32cube.ide.mcu.externaltools.gnu-tools-for-stm32.10.3-2021.10.win32_1.0.200.202301161003/tools/bin/../lib/gcc/arm-none-eabi/10.3.1/thumb/v6-m/nofp/crtbegin.o
                0x00000000080074b4                PROVIDE (__init_array_end = .)
                0x00000000080074b4                . = ALIGN (0x4)

.fini_array     0x00000000080074b4        0x4
                0x00000000080074b4                . = ALIGN (0x4)
                [!provide]                        PROVIDE (__fini_array_start = .)
 *(SORT_BY_NAME(.fini_array.*))
 *(.fini_array*)
 .fini_array    0x00000000080074b4        0x4 c:/st/stm32cubeide_1.12.0/stm32cubeide/plugins/com.st.stm32cube.ide.mcu.externaltools.gnu-tools-for-stm32.10.3-2021.10.win32_1.0.200.202301161003/tools/bin/../lib/gcc/arm-none-eabi/10.3.1/thumb/v6-m/nofp/crtbegin.o
                [!provide]                        PROVIDE (__fini_array_end = .)
                0x00000000080074b8                . = ALIGN (0x4)
                0x00000000080074b8                _sidata = LOADADDR (.data)

.data           0x0000000020000000       0x10 load address 0x00000000080074b8
                0x0000000020000000                . = ALIGN (0x4)
                0x0000000020000000                _sdata = .
 *(.data)
 *(.data*)
 .data.FLASH_FKEY1
                0x0000000020000000        0x4 ./Core/Src/eeprom.o
                0x0000000020000000                FLASH_FKEY1
 .data.FLASH_FKEY2
                0x0000000020000004        0x4 ./Core/Src/eeprom.o
                0x0000000020000004                FLASH_FKEY2
 .data.rising   0x0000000020000008        0x1 ./Core/Src/pwm.o
                0x0000000020000008                rising
 .data.break_motor
                0x0000000020000009        0x1 ./Core/Src/pwm.o
                0x0000000020000009                break_motor
 *fill*         0x000000002000000a        0x2 
 .data.SystemCoreClock
                0x000000002000000c        0x4 ./Core/Src/system_stm32f0xx.o
                0x000000002000000c                SystemCoreClock
 *(.RamFunc)
 *(.RamFunc*)
                0x0000000020000010                . = ALIGN (0x4)
                0x0000000020000010                _edata = .

.igot.plt       0x0000000020000010        0x0 load address 0x00000000080074c8
 .igot.plt      0x0000000020000010        0x0 c:/st/stm32cubeide_1.12.0/stm32cubeide/plugins/com.st.stm32cube.ide.mcu.externaltools.gnu-tools-for-stm32.10.3-2021.10.win32_1.0.200.202301161003/tools/bin/../lib/gcc/arm-none-eabi/10.3.1/thumb/v6-m/nofp/crtbegin.o
                0x0000000020000010                . = ALIGN (0x4)

.bss            0x0000000020000010      0x1b0 load address 0x00000000080074c8
                0x0000000020000010                _sbss = .
                0x0000000020000010                __bss_start__ = _sbss
 *(.bss)
 .bss           0x0000000020000010       0x1c c:/st/stm32cubeide_1.12.0/stm32cubeide/plugins/com.st.stm32cube.ide.mcu.externaltools.gnu-tools-for-stm32.10.3-2021.10.win32_1.0.200.202301161003/tools/bin/../lib/gcc/arm-none-eabi/10.3.1/thumb/v6-m/nofp/crtbegin.o
 *(.bss*)
 *fill*         0x000000002000002c        0x4 
 .bss._sample   0x0000000020000030       0x28 ./Core/Src/adc.o
 .bss.signal    0x0000000020000058      0x11c ./Core/Src/input.o
                0x0000000020000058                signal
 .bss.config    0x0000000020000174       0x14 ./Core/Src/input.o
                0x0000000020000174                config
 .bss.led_timeout
                0x0000000020000188        0x4 ./Core/Src/input.o
                0x0000000020000188                led_timeout
 .bss.adcValues
                0x000000002000018c        0xc ./Core/Src/io.o
                0x000000002000018c                adcValues
 .bss._pwm_max  0x0000000020000198        0x2 ./Core/Src/pwm.o
 .bss._pwm_mid  0x000000002000019a        0x2 ./Core/Src/pwm.o
 .bss._pwm_min  0x000000002000019c        0x2 ./Core/Src/pwm.o
 .bss._step     0x000000002000019e        0x1 ./Core/Src/pwm.o
 *fill*         0x000000002000019f        0x1 
 .bss._pwm_duty
                0x00000000200001a0        0x2 ./Core/Src/pwm.o
 .bss._pwm_freq
                0x00000000200001a2        0x2 ./Core/Src/pwm.o
 .bss._pwm_step
                0x00000000200001a4        0x2 ./Core/Src/pwm.o
 .bss._comate_freq
                0x00000000200001a6        0x2 ./Core/Src/pwm.o
 .bss.backstep  0x00000000200001a8        0x1 ./Core/Src/pwm.o
                0x00000000200001a8                backstep
 *fill*         0x00000000200001a9        0x3 
 .bss.back_com_time
                0x00000000200001ac        0x4 ./Core/Src/pwm.o
                0x00000000200001ac                back_com_time
 .bss.actual_time
                0x00000000200001b0        0x4 ./Core/Src/pwm.o
                0x00000000200001b0                actual_time
 .bss.speed_pwm
                0x00000000200001b4        0x4 ./Core/Src/pwm.o
                0x00000000200001b4                speed_pwm
 .bss.motor     0x00000000200001b8        0x6 ./Core/Src/pwm.o
                0x00000000200001b8                motor
 .bss.back_pwm  0x00000000200001be        0x1 ./Core/Src/pwm.o
                0x00000000200001be                back_pwm
 *(COMMON)
                0x00000000200001c0                . = ALIGN (0x4)
 *fill*         0x00000000200001bf        0x1 
                0x00000000200001c0                _ebss = .
                0x00000000200001c0                __bss_end__ = _ebss

._user_heap_stack
                0x00000000200001c0      0x600 load address 0x00000000080074c8
                0x00000000200001c0                . = ALIGN (0x8)
                [!provide]                        PROVIDE (end = .)
                0x00000000200001c0                PROVIDE (_end = .)
                0x00000000200003c0                . = (. + _Min_Heap_Size)
 *fill*         0x00000000200001c0      0x200 
                0x00000000200007c0                . = (. + _Min_Stack_Size)
 *fill*         0x00000000200003c0      0x400 
                0x00000000200007c0                . = ALIGN (0x8)

/DISCARD/
 libc.a(*)
 libm.a(*)
 libgcc.a(*)

.ARM.attributes
                0x0000000000000000       0x28
 *(.ARM.attributes)
 .ARM.attributes
                0x0000000000000000       0x1e c:/st/stm32cubeide_1.12.0/stm32cubeide/plugins/com.st.stm32cube.ide.mcu.externaltools.gnu-tools-for-stm32.10.3-2021.10.win32_1.0.200.202301161003/tools/bin/../lib/gcc/arm-none-eabi/10.3.1/thumb/v6-m/nofp/crti.o
 .ARM.attributes
                0x000000000000001e       0x2c c:/st/stm32cubeide_1.12.0/stm32cubeide/plugins/com.st.stm32cube.ide.mcu.externaltools.gnu-tools-for-stm32.10.3-2021.10.win32_1.0.200.202301161003/tools/bin/../lib/gcc/arm-none-eabi/10.3.1/thumb/v6-m/nofp/crtbegin.o
 .ARM.attributes
                0x000000000000004a       0x2c ./Core/Src/adc.o
 .ARM.attributes
                0x0000000000000076       0x2c ./Core/Src/comutate.o
 .ARM.attributes
                0x00000000000000a2       0x2c ./Core/Src/eeprom.o
 .ARM.attributes
                0x00000000000000ce       0x2c ./Core/Src/input.o
 .ARM.attributes
                0x00000000000000fa       0x2c ./Core/Src/io.o
 .ARM.attributes
                0x0000000000000126       0x2c ./Core/Src/pwm.o
 .ARM.attributes
                0x0000000000000152       0x2c ./Core/Src/run.o
 .ARM.attributes
                0x000000000000017e       0x2c ./Core/Src/stm32f0xx_it.o
 .ARM.attributes
                0x00000000000001aa       0x2c ./Core/Src/system_stm32f0xx.o
 .ARM.attributes
                0x00000000000001d6       0x2c ./Core/Src/uart.o
 .ARM.attributes
                0x0000000000000202       0x21 ./Core/Startup/startup_stm32f030k6tx.o
 .ARM.attributes
                0x0000000000000223       0x2c ./Drivers/STM32F0xx_HAL_Driver/Src/stm32f0xx_ll_adc.o
 .ARM.attributes
                0x000000000000024f       0x2c ./Drivers/STM32F0xx_HAL_Driver/Src/stm32f0xx_ll_dma.o
 .ARM.attributes
                0x000000000000027b       0x2c ./Drivers/STM32F0xx_HAL_Driver/Src/stm32f0xx_ll_gpio.o
 .ARM.attributes
                0x00000000000002a7       0x2c ./Drivers/STM32F0xx_HAL_Driver/Src/stm32f0xx_ll_rcc.o
 .ARM.attributes
                0x00000000000002d3       0x2c ./Drivers/STM32F0xx_HAL_Driver/Src/stm32f0xx_ll_tim.o
 .ARM.attributes
                0x00000000000002ff       0x2c ./Drivers/STM32F0xx_HAL_Driver/Src/stm32f0xx_ll_usart.o
 .ARM.attributes
                0x000000000000032b       0x2c ./Drivers/STM32F0xx_HAL_Driver/Src/stm32f0xx_ll_utils.o
 .ARM.attributes
                0x0000000000000357       0x2c c:/st/stm32cubeide_1.12.0/stm32cubeide/plugins/com.st.stm32cube.ide.mcu.externaltools.gnu-tools-for-stm32.10.3-2021.10.win32_1.0.200.202301161003/tools/bin/../lib/gcc/arm-none-eabi/10.3.1/../../../../arm-none-eabi/lib/thumb/v6-m/nofp\libc_nano.a(lib_a-init.o)
 .ARM.attributes
                0x0000000000000383       0x2c c:/st/stm32cubeide_1.12.0/stm32cubeide/plugins/com.st.stm32cube.ide.mcu.externaltools.gnu-tools-for-stm32.10.3-2021.10.win32_1.0.200.202301161003/tools/bin/../lib/gcc/arm-none-eabi/10.3.1/../../../../arm-none-eabi/lib/thumb/v6-m/nofp\libc_nano.a(lib_a-memcpy-stub.o)
 .ARM.attributes
                0x00000000000003af       0x2c c:/st/stm32cubeide_1.12.0/stm32cubeide/plugins/com.st.stm32cube.ide.mcu.externaltools.gnu-tools-for-stm32.10.3-2021.10.win32_1.0.200.202301161003/tools/bin/../lib/gcc/arm-none-eabi/10.3.1/../../../../arm-none-eabi/lib/thumb/v6-m/nofp\libc_nano.a(lib_a-memset.o)
 .ARM.attributes
                0x00000000000003db       0x1e c:/st/stm32cubeide_1.12.0/stm32cubeide/plugins/com.st.stm32cube.ide.mcu.externaltools.gnu-tools-for-stm32.10.3-2021.10.win32_1.0.200.202301161003/tools/bin/../lib/gcc/arm-none-eabi/10.3.1/thumb/v6-m/nofp\libgcc.a(_udivsi3.o)
 .ARM.attributes
                0x00000000000003f9       0x1e c:/st/stm32cubeide_1.12.0/stm32cubeide/plugins/com.st.stm32cube.ide.mcu.externaltools.gnu-tools-for-stm32.10.3-2021.10.win32_1.0.200.202301161003/tools/bin/../lib/gcc/arm-none-eabi/10.3.1/thumb/v6-m/nofp\libgcc.a(_divsi3.o)
 .ARM.attributes
                0x0000000000000417       0x1e c:/st/stm32cubeide_1.12.0/stm32cubeide/plugins/com.st.stm32cube.ide.mcu.externaltools.gnu-tools-for-stm32.10.3-2021.10.win32_1.0.200.202301161003/tools/bin/../lib/gcc/arm-none-eabi/10.3.1/thumb/v6-m/nofp\libgcc.a(_dvmd_tls.o)
 .ARM.attributes
                0x0000000000000435       0x1e c:/st/stm32cubeide_1.12.0/stm32cubeide/plugins/com.st.stm32cube.ide.mcu.externaltools.gnu-tools-for-stm32.10.3-2021.10.win32_1.0.200.202301161003/tools/bin/../lib/gcc/arm-none-eabi/10.3.1/thumb/v6-m/nofp\libgcc.a(_arm_cmpsf2.o)
 .ARM.attributes
                0x0000000000000453       0x2c c:/st/stm32cubeide_1.12.0/stm32cubeide/plugins/com.st.stm32cube.ide.mcu.externaltools.gnu-tools-for-stm32.10.3-2021.10.win32_1.0.200.202301161003/tools/bin/../lib/gcc/arm-none-eabi/10.3.1/thumb/v6-m/nofp\libgcc.a(_fixunssfsi.o)
 .ARM.attributes
                0x000000000000047f       0x2c c:/st/stm32cubeide_1.12.0/stm32cubeide/plugins/com.st.stm32cube.ide.mcu.externaltools.gnu-tools-for-stm32.10.3-2021.10.win32_1.0.200.202301161003/tools/bin/../lib/gcc/arm-none-eabi/10.3.1/thumb/v6-m/nofp\libgcc.a(_fixunsdfsi.o)
 .ARM.attributes
                0x00000000000004ab       0x2c c:/st/stm32cubeide_1.12.0/stm32cubeide/plugins/com.st.stm32cube.ide.mcu.externaltools.gnu-tools-for-stm32.10.3-2021.10.win32_1.0.200.202301161003/tools/bin/../lib/gcc/arm-none-eabi/10.3.1/thumb/v6-m/nofp\libgcc.a(divsf3.o)
 .ARM.attributes
                0x00000000000004d7       0x2c c:/st/stm32cubeide_1.12.0/stm32cubeide/plugins/com.st.stm32cube.ide.mcu.externaltools.gnu-tools-for-stm32.10.3-2021.10.win32_1.0.200.202301161003/tools/bin/../lib/gcc/arm-none-eabi/10.3.1/thumb/v6-m/nofp\libgcc.a(eqsf2.o)
 .ARM.attributes
                0x0000000000000503       0x2c c:/st/stm32cubeide_1.12.0/stm32cubeide/plugins/com.st.stm32cube.ide.mcu.externaltools.gnu-tools-for-stm32.10.3-2021.10.win32_1.0.200.202301161003/tools/bin/../lib/gcc/arm-none-eabi/10.3.1/thumb/v6-m/nofp\libgcc.a(gesf2.o)
 .ARM.attributes
                0x000000000000052f       0x2c c:/st/stm32cubeide_1.12.0/stm32cubeide/plugins/com.st.stm32cube.ide.mcu.externaltools.gnu-tools-for-stm32.10.3-2021.10.win32_1.0.200.202301161003/tools/bin/../lib/gcc/arm-none-eabi/10.3.1/thumb/v6-m/nofp\libgcc.a(lesf2.o)
 .ARM.attributes
                0x000000000000055b       0x2c c:/st/stm32cubeide_1.12.0/stm32cubeide/plugins/com.st.stm32cube.ide.mcu.externaltools.gnu-tools-for-stm32.10.3-2021.10.win32_1.0.200.202301161003/tools/bin/../lib/gcc/arm-none-eabi/10.3.1/thumb/v6-m/nofp\libgcc.a(subsf3.o)
 .ARM.attributes
                0x0000000000000587       0x2c c:/st/stm32cubeide_1.12.0/stm32cubeide/plugins/com.st.stm32cube.ide.mcu.externaltools.gnu-tools-for-stm32.10.3-2021.10.win32_1.0.200.202301161003/tools/bin/../lib/gcc/arm-none-eabi/10.3.1/thumb/v6-m/nofp\libgcc.a(fixsfsi.o)
 .ARM.attributes
                0x00000000000005b3       0x2c c:/st/stm32cubeide_1.12.0/stm32cubeide/plugins/com.st.stm32cube.ide.mcu.externaltools.gnu-tools-for-stm32.10.3-2021.10.win32_1.0.200.202301161003/tools/bin/../lib/gcc/arm-none-eabi/10.3.1/thumb/v6-m/nofp\libgcc.a(floatsisf.o)
 .ARM.attributes
                0x00000000000005df       0x2c c:/st/stm32cubeide_1.12.0/stm32cubeide/plugins/com.st.stm32cube.ide.mcu.externaltools.gnu-tools-for-stm32.10.3-2021.10.win32_1.0.200.202301161003/tools/bin/../lib/gcc/arm-none-eabi/10.3.1/thumb/v6-m/nofp\libgcc.a(floatunsisf.o)
 .ARM.attributes
                0x000000000000060b       0x2c c:/st/stm32cubeide_1.12.0/stm32cubeide/plugins/com.st.stm32cube.ide.mcu.externaltools.gnu-tools-for-stm32.10.3-2021.10.win32_1.0.200.202301161003/tools/bin/../lib/gcc/arm-none-eabi/10.3.1/thumb/v6-m/nofp\libgcc.a(adddf3.o)
 .ARM.attributes
                0x0000000000000637       0x2c c:/st/stm32cubeide_1.12.0/stm32cubeide/plugins/com.st.stm32cube.ide.mcu.externaltools.gnu-tools-for-stm32.10.3-2021.10.win32_1.0.200.202301161003/tools/bin/../lib/gcc/arm-none-eabi/10.3.1/thumb/v6-m/nofp\libgcc.a(divdf3.o)
 .ARM.attributes
                0x0000000000000663       0x2c c:/st/stm32cubeide_1.12.0/stm32cubeide/plugins/com.st.stm32cube.ide.mcu.externaltools.gnu-tools-for-stm32.10.3-2021.10.win32_1.0.200.202301161003/tools/bin/../lib/gcc/arm-none-eabi/10.3.1/thumb/v6-m/nofp\libgcc.a(muldf3.o)
 .ARM.attributes
                0x000000000000068f       0x2c c:/st/stm32cubeide_1.12.0/stm32cubeide/plugins/com.st.stm32cube.ide.mcu.externaltools.gnu-tools-for-stm32.10.3-2021.10.win32_1.0.200.202301161003/tools/bin/../lib/gcc/arm-none-eabi/10.3.1/thumb/v6-m/nofp\libgcc.a(subdf3.o)
 .ARM.attributes
                0x00000000000006bb       0x2c c:/st/stm32cubeide_1.12.0/stm32cubeide/plugins/com.st.stm32cube.ide.mcu.externaltools.gnu-tools-for-stm32.10.3-2021.10.win32_1.0.200.202301161003/tools/bin/../lib/gcc/arm-none-eabi/10.3.1/thumb/v6-m/nofp\libgcc.a(fixdfsi.o)
 .ARM.attributes
                0x00000000000006e7       0x2c c:/st/stm32cubeide_1.12.0/stm32cubeide/plugins/com.st.stm32cube.ide.mcu.externaltools.gnu-tools-for-stm32.10.3-2021.10.win32_1.0.200.202301161003/tools/bin/../lib/gcc/arm-none-eabi/10.3.1/thumb/v6-m/nofp\libgcc.a(floatsidf.o)
 .ARM.attributes
                0x0000000000000713       0x2c c:/st/stm32cubeide_1.12.0/stm32cubeide/plugins/com.st.stm32cube.ide.mcu.externaltools.gnu-tools-for-stm32.10.3-2021.10.win32_1.0.200.202301161003/tools/bin/../lib/gcc/arm-none-eabi/10.3.1/thumb/v6-m/nofp\libgcc.a(floatunsidf.o)
 .ARM.attributes
                0x000000000000073f       0x1e c:/st/stm32cubeide_1.12.0/stm32cubeide/plugins/com.st.stm32cube.ide.mcu.externaltools.gnu-tools-for-stm32.10.3-2021.10.win32_1.0.200.202301161003/tools/bin/../lib/gcc/arm-none-eabi/10.3.1/thumb/v6-m/nofp\libgcc.a(_arm_cmpdf2.o)
 .ARM.attributes
                0x000000000000075d       0x1e c:/st/stm32cubeide_1.12.0/stm32cubeide/plugins/com.st.stm32cube.ide.mcu.externaltools.gnu-tools-for-stm32.10.3-2021.10.win32_1.0.200.202301161003/tools/bin/../lib/gcc/arm-none-eabi/10.3.1/thumb/v6-m/nofp\libgcc.a(_clzsi2.o)
 .ARM.attributes
                0x000000000000077b       0x2c c:/st/stm32cubeide_1.12.0/stm32cubeide/plugins/com.st.stm32cube.ide.mcu.externaltools.gnu-tools-for-stm32.10.3-2021.10.win32_1.0.200.202301161003/tools/bin/../lib/gcc/arm-none-eabi/10.3.1/thumb/v6-m/nofp\libgcc.a(eqdf2.o)
 .ARM.attributes
                0x00000000000007a7       0x2c c:/st/stm32cubeide_1.12.0/stm32cubeide/plugins/com.st.stm32cube.ide.mcu.externaltools.gnu-tools-for-stm32.10.3-2021.10.win32_1.0.200.202301161003/tools/bin/../lib/gcc/arm-none-eabi/10.3.1/thumb/v6-m/nofp\libgcc.a(gedf2.o)
 .ARM.attributes
                0x00000000000007d3       0x2c c:/st/stm32cubeide_1.12.0/stm32cubeide/plugins/com.st.stm32cube.ide.mcu.externaltools.gnu-tools-for-stm32.10.3-2021.10.win32_1.0.200.202301161003/tools/bin/../lib/gcc/arm-none-eabi/10.3.1/thumb/v6-m/nofp\libgcc.a(ledf2.o)
 .ARM.attributes
                0x00000000000007ff       0x1e c:/st/stm32cubeide_1.12.0/stm32cubeide/plugins/com.st.stm32cube.ide.mcu.externaltools.gnu-tools-for-stm32.10.3-2021.10.win32_1.0.200.202301161003/tools/bin/../lib/gcc/arm-none-eabi/10.3.1/thumb/v6-m/nofp/crtn.o
OUTPUT(motor_esc_f1.elf elf32-littlearm)
LOAD linker stubs
LOAD c:/st/stm32cubeide_1.12.0/stm32cubeide/plugins/com.st.stm32cube.ide.mcu.externaltools.gnu-tools-for-stm32.10.3-2021.10.win32_1.0.200.202301161003/tools/bin/../lib/gcc/arm-none-eabi/10.3.1/../../../../arm-none-eabi/lib/thumb/v6-m/nofp\libc.a
LOAD c:/st/stm32cubeide_1.12.0/stm32cubeide/plugins/com.st.stm32cube.ide.mcu.externaltools.gnu-tools-for-stm32.10.3-2021.10.win32_1.0.200.202301161003/tools/bin/../lib/gcc/arm-none-eabi/10.3.1/../../../../arm-none-eabi/lib/thumb/v6-m/nofp\libm.a
LOAD c:/st/stm32cubeide_1.12.0/stm32cubeide/plugins/com.st.stm32cube.ide.mcu.externaltools.gnu-tools-for-stm32.10.3-2021.10.win32_1.0.200.202301161003/tools/bin/../lib/gcc/arm-none-eabi/10.3.1/thumb/v6-m/nofp\libgcc.a

.debug_info     0x0000000000000000     0x84f1
 .debug_info    0x0000000000000000      0x322 ./Core/Src/adc.o
 .debug_info    0x0000000000000322      0x303 ./Core/Src/comutate.o
 .debug_info    0x0000000000000625      0x51e ./Core/Src/eeprom.o
 .debug_info    0x0000000000000b43      0x733 ./Core/Src/input.o
 .debug_info    0x0000000000001276     0x1d67 ./Core/Src/io.o
 .debug_info    0x0000000000002fdd      0xc75 ./Core/Src/pwm.o
 .debug_info    0x0000000000003c52      0x57d ./Core/Src/run.o
 .debug_info    0x00000000000041cf      0x873 ./Core/Src/stm32f0xx_it.o
 .debug_info    0x0000000000004a42      0x262 ./Core/Src/system_stm32f0xx.o
 .debug_info    0x0000000000004ca4      0x606 ./Core/Src/uart.o
 .debug_info    0x00000000000052aa       0x22 ./Core/Startup/startup_stm32f030k6tx.o
 .debug_info    0x00000000000052cc      0x61c ./Drivers/STM32F0xx_HAL_Driver/Src/stm32f0xx_ll_adc.o
 .debug_info    0x00000000000058e8      0x4cb ./Drivers/STM32F0xx_HAL_Driver/Src/stm32f0xx_ll_dma.o
 .debug_info    0x0000000000005db3      0x55e ./Drivers/STM32F0xx_HAL_Driver/Src/stm32f0xx_ll_gpio.o
 .debug_info    0x0000000000006311      0x58c ./Drivers/STM32F0xx_HAL_Driver/Src/stm32f0xx_ll_rcc.o
 .debug_info    0x000000000000689d      0xe97 ./Drivers/STM32F0xx_HAL_Driver/Src/stm32f0xx_ll_tim.o
 .debug_info    0x0000000000007734      0x612 ./Drivers/STM32F0xx_HAL_Driver/Src/stm32f0xx_ll_usart.o
 .debug_info    0x0000000000007d46      0x7ab ./Drivers/STM32F0xx_HAL_Driver/Src/stm32f0xx_ll_utils.o

.debug_abbrev   0x0000000000000000     0x2259
 .debug_abbrev  0x0000000000000000      0x144 ./Core/Src/adc.o
 .debug_abbrev  0x0000000000000144      0x10e ./Core/Src/comutate.o
 .debug_abbrev  0x0000000000000252      0x20f ./Core/Src/eeprom.o
 .debug_abbrev  0x0000000000000461      0x291 ./Core/Src/input.o
 .debug_abbrev  0x00000000000006f2      0x3c3 ./Core/Src/io.o
 .debug_abbrev  0x0000000000000ab5      0x35a ./Core/Src/pwm.o
 .debug_abbrev  0x0000000000000e0f      0x1e7 ./Core/Src/run.o
 .debug_abbrev  0x0000000000000ff6      0x1ef ./Core/Src/stm32f0xx_it.o
 .debug_abbrev  0x00000000000011e5      0x116 ./Core/Src/system_stm32f0xx.o
 .debug_abbrev  0x00000000000012fb      0x23f ./Core/Src/uart.o
 .debug_abbrev  0x000000000000153a       0x12 ./Core/Startup/startup_stm32f030k6tx.o
 .debug_abbrev  0x000000000000154c      0x1d5 ./Drivers/STM32F0xx_HAL_Driver/Src/stm32f0xx_ll_adc.o
 .debug_abbrev  0x0000000000001721      0x180 ./Drivers/STM32F0xx_HAL_Driver/Src/stm32f0xx_ll_dma.o
 .debug_abbrev  0x00000000000018a1      0x19b ./Drivers/STM32F0xx_HAL_Driver/Src/stm32f0xx_ll_gpio.o
 .debug_abbrev  0x0000000000001a3c      0x1f8 ./Drivers/STM32F0xx_HAL_Driver/Src/stm32f0xx_ll_rcc.o
 .debug_abbrev  0x0000000000001c34      0x205 ./Drivers/STM32F0xx_HAL_Driver/Src/stm32f0xx_ll_tim.o
 .debug_abbrev  0x0000000000001e39      0x1d0 ./Drivers/STM32F0xx_HAL_Driver/Src/stm32f0xx_ll_usart.o
 .debug_abbrev  0x0000000000002009      0x250 ./Drivers/STM32F0xx_HAL_Driver/Src/stm32f0xx_ll_utils.o

.debug_aranges  0x0000000000000000      0xbd0
 .debug_aranges
                0x0000000000000000       0x60 ./Core/Src/adc.o
 .debug_aranges
                0x0000000000000060       0x28 ./Core/Src/comutate.o
 .debug_aranges
                0x0000000000000088       0x48 ./Core/Src/eeprom.o
 .debug_aranges
                0x00000000000000d0       0x70 ./Core/Src/input.o
 .debug_aranges
                0x0000000000000140      0x248 ./Core/Src/io.o
 .debug_aranges
                0x0000000000000388      0x158 ./Core/Src/pwm.o
 .debug_aranges
                0x00000000000004e0       0x38 ./Core/Src/run.o
 .debug_aranges
                0x0000000000000518      0x118 ./Core/Src/stm32f0xx_it.o
 .debug_aranges
                0x0000000000000630       0x28 ./Core/Src/system_stm32f0xx.o
 .debug_aranges
                0x0000000000000658       0x68 ./Core/Src/uart.o
 .debug_aranges
                0x00000000000006c0       0x28 ./Core/Startup/startup_stm32f030k6tx.o
 .debug_aranges
                0x00000000000006e8       0x90 ./Drivers/STM32F0xx_HAL_Driver/Src/stm32f0xx_ll_adc.o
 .debug_aranges
                0x0000000000000778       0x78 ./Drivers/STM32F0xx_HAL_Driver/Src/stm32f0xx_ll_dma.o
 .debug_aranges
                0x00000000000007f0       0x70 ./Drivers/STM32F0xx_HAL_Driver/Src/stm32f0xx_ll_gpio.o
 .debug_aranges
                0x0000000000000860       0xe8 ./Drivers/STM32F0xx_HAL_Driver/Src/stm32f0xx_ll_rcc.o
 .debug_aranges
                0x0000000000000948      0x128 ./Drivers/STM32F0xx_HAL_Driver/Src/stm32f0xx_ll_tim.o
 .debug_aranges
                0x0000000000000a70       0x78 ./Drivers/STM32F0xx_HAL_Driver/Src/stm32f0xx_ll_usart.o
 .debug_aranges
                0x0000000000000ae8       0xe8 ./Drivers/STM32F0xx_HAL_Driver/Src/stm32f0xx_ll_utils.o

.debug_ranges   0x0000000000000000      0xab8
 .debug_ranges  0x0000000000000000       0x50 ./Core/Src/adc.o
 .debug_ranges  0x0000000000000050       0x18 ./Core/Src/comutate.o
 .debug_ranges  0x0000000000000068       0x38 ./Core/Src/eeprom.o
 .debug_ranges  0x00000000000000a0       0x60 ./Core/Src/input.o
 .debug_ranges  0x0000000000000100      0x238 ./Core/Src/io.o
 .debug_ranges  0x0000000000000338      0x148 ./Core/Src/pwm.o
 .debug_ranges  0x0000000000000480       0x28 ./Core/Src/run.o
 .debug_ranges  0x00000000000004a8      0x108 ./Core/Src/stm32f0xx_it.o
 .debug_ranges  0x00000000000005b0       0x18 ./Core/Src/system_stm32f0xx.o
 .debug_ranges  0x00000000000005c8       0x58 ./Core/Src/uart.o
 .debug_ranges  0x0000000000000620       0x20 ./Core/Startup/startup_stm32f030k6tx.o
 .debug_ranges  0x0000000000000640       0x80 ./Drivers/STM32F0xx_HAL_Driver/Src/stm32f0xx_ll_adc.o
 .debug_ranges  0x00000000000006c0       0x68 ./Drivers/STM32F0xx_HAL_Driver/Src/stm32f0xx_ll_dma.o
 .debug_ranges  0x0000000000000728       0x60 ./Drivers/STM32F0xx_HAL_Driver/Src/stm32f0xx_ll_gpio.o
 .debug_ranges  0x0000000000000788       0xd8 ./Drivers/STM32F0xx_HAL_Driver/Src/stm32f0xx_ll_rcc.o
 .debug_ranges  0x0000000000000860      0x118 ./Drivers/STM32F0xx_HAL_Driver/Src/stm32f0xx_ll_tim.o
 .debug_ranges  0x0000000000000978       0x68 ./Drivers/STM32F0xx_HAL_Driver/Src/stm32f0xx_ll_usart.o
 .debug_ranges  0x00000000000009e0       0xd8 ./Drivers/STM32F0xx_HAL_Driver/Src/stm32f0xx_ll_utils.o

.debug_macro    0x0000000000000000     0xe25b
 .debug_macro   0x0000000000000000      0x173 ./Core/Src/adc.o
 .debug_macro   0x0000000000000173      0xa8a ./Core/Src/adc.o
 .debug_macro   0x0000000000000bfd       0x2e ./Core/Src/adc.o
 .debug_macro   0x0000000000000c2b       0x22 ./Core/Src/adc.o
 .debug_macro   0x0000000000000c4d       0x22 ./Core/Src/adc.o
 .debug_macro   0x0000000000000c6f       0x8e ./Core/Src/adc.o
 .debug_macro   0x0000000000000cfd       0x51 ./Core/Src/adc.o
 .debug_macro   0x0000000000000d4e      0x103 ./Core/Src/adc.o
 .debug_macro   0x0000000000000e51       0x6a ./Core/Src/adc.o
 .debug_macro   0x0000000000000ebb      0x1df ./Core/Src/adc.o
 .debug_macro   0x000000000000109a       0x1c ./Core/Src/adc.o
 .debug_macro   0x00000000000010b6       0x22 ./Core/Src/adc.o
 .debug_macro   0x00000000000010d8       0xaf ./Core/Src/adc.o
 .debug_macro   0x0000000000001187      0x391 ./Core/Src/adc.o
 .debug_macro   0x0000000000001518     0x6e67 ./Core/Src/adc.o
 .debug_macro   0x000000000000837f       0x66 ./Core/Src/adc.o
 .debug_macro   0x00000000000083e5      0x5a7 ./Core/Src/adc.o
 .debug_macro   0x000000000000898c      0x215 ./Core/Src/adc.o
 .debug_macro   0x0000000000008ba1      0x40c ./Core/Src/adc.o
 .debug_macro   0x0000000000008fad       0xab ./Core/Src/adc.o
 .debug_macro   0x0000000000009058      0x17d ./Core/Src/adc.o
 .debug_macro   0x00000000000091d5       0xd0 ./Core/Src/adc.o
 .debug_macro   0x00000000000092a5       0x16 ./Core/Src/adc.o
 .debug_macro   0x00000000000092bb       0x2a ./Core/Src/adc.o
 .debug_macro   0x00000000000092e5       0x68 ./Core/Src/adc.o
 .debug_macro   0x000000000000934d      0x5bd ./Core/Src/adc.o
 .debug_macro   0x000000000000990a      0x264 ./Core/Src/adc.o
 .debug_macro   0x0000000000009b6e      0x11f ./Core/Src/adc.o
 .debug_macro   0x0000000000009c8d       0x22 ./Core/Src/adc.o
 .debug_macro   0x0000000000009caf       0x22 ./Core/Src/adc.o
 .debug_macro   0x0000000000009cd1       0x82 ./Core/Src/adc.o
 .debug_macro   0x0000000000009d53       0x1c ./Core/Src/adc.o
 .debug_macro   0x0000000000009d6f      0x371 ./Core/Src/comutate.o
 .debug_macro   0x000000000000a0e0       0x18 ./Core/Src/comutate.o
 .debug_macro   0x000000000000a0f8       0x52 ./Core/Src/comutate.o
 .debug_macro   0x000000000000a14a       0x3c ./Core/Src/comutate.o
 .debug_macro   0x000000000000a186       0x34 ./Core/Src/comutate.o
 .debug_macro   0x000000000000a1ba       0x16 ./Core/Src/comutate.o
 .debug_macro   0x000000000000a1d0      0x10e ./Core/Src/comutate.o
 .debug_macro   0x000000000000a2de       0x8d ./Core/Src/comutate.o
 .debug_macro   0x000000000000a36b       0x16 ./Core/Src/comutate.o
 .debug_macro   0x000000000000a381       0x43 ./Core/Src/comutate.o
 .debug_macro   0x000000000000a3c4       0x34 ./Core/Src/comutate.o
 .debug_macro   0x000000000000a3f8       0x10 ./Core/Src/comutate.o
 .debug_macro   0x000000000000a408       0x58 ./Core/Src/comutate.o
 .debug_macro   0x000000000000a460       0x71 ./Core/Src/comutate.o
 .debug_macro   0x000000000000a4d1       0x1c ./Core/Src/comutate.o
 .debug_macro   0x000000000000a4ed      0x12a ./Core/Src/comutate.o
 .debug_macro   0x000000000000a617      0x341 ./Core/Src/comutate.o
 .debug_macro   0x000000000000a958       0x16 ./Core/Src/comutate.o
 .debug_macro   0x000000000000a96e       0x29 ./Core/Src/comutate.o
 .debug_macro   0x000000000000a997      0x19b ./Core/Src/comutate.o
 .debug_macro   0x000000000000ab32       0x16 ./Core/Src/comutate.o
 .debug_macro   0x000000000000ab48       0x35 ./Core/Src/comutate.o
 .debug_macro   0x000000000000ab7d       0x20 ./Core/Src/comutate.o
 .debug_macro   0x000000000000ab9d       0x1c ./Core/Src/comutate.o
 .debug_macro   0x000000000000abb9       0x10 ./Core/Src/comutate.o
 .debug_macro   0x000000000000abc9       0x10 ./Core/Src/comutate.o
 .debug_macro   0x000000000000abd9       0x1c ./Core/Src/comutate.o
 .debug_macro   0x000000000000abf5       0x52 ./Core/Src/comutate.o
 .debug_macro   0x000000000000ac47       0x22 ./Core/Src/comutate.o
 .debug_macro   0x000000000000ac69       0x10 ./Core/Src/comutate.o
 .debug_macro   0x000000000000ac79       0x52 ./Core/Src/comutate.o
 .debug_macro   0x000000000000accb       0xd5 ./Core/Src/comutate.o
 .debug_macro   0x000000000000ada0       0x1c ./Core/Src/comutate.o
 .debug_macro   0x000000000000adbc       0x3d ./Core/Src/comutate.o
 .debug_macro   0x000000000000adf9       0x16 ./Core/Src/comutate.o
 .debug_macro   0x000000000000ae0f      0x145 ./Core/Src/comutate.o
 .debug_macro   0x000000000000af54       0x16 ./Core/Src/comutate.o
 .debug_macro   0x000000000000af6a       0x28 ./Core/Src/comutate.o
 .debug_macro   0x000000000000af92       0xb8 ./Core/Src/comutate.o
 .debug_macro   0x000000000000b04a      0x359 ./Core/Src/eeprom.o
 .debug_macro   0x000000000000b3a3       0x4c ./Core/Src/eeprom.o
 .debug_macro   0x000000000000b3ef       0x94 ./Core/Src/eeprom.o
 .debug_macro   0x000000000000b483       0x16 ./Core/Src/eeprom.o
 .debug_macro   0x000000000000b499       0x57 ./Core/Src/eeprom.o
 .debug_macro   0x000000000000b4f0       0x97 ./Core/Src/eeprom.o
 .debug_macro   0x000000000000b587       0xfd ./Core/Src/eeprom.o
 .debug_macro   0x000000000000b684       0x1c ./Core/Src/eeprom.o
 .debug_macro   0x000000000000b6a0      0x37f ./Core/Src/input.o
 .debug_macro   0x000000000000ba1f       0x16 ./Core/Src/input.o
 .debug_macro   0x000000000000ba35       0x88 ./Core/Src/input.o
 .debug_macro   0x000000000000babd       0xb2 ./Core/Src/input.o
 .debug_macro   0x000000000000bb6f      0x153 ./Core/Src/io.o
 .debug_macro   0x000000000000bcc2      0x374 ./Core/Src/pwm.o
 .debug_macro   0x000000000000c036      0x38d ./Core/Src/run.o
 .debug_macro   0x000000000000c3c3      0x375 ./Core/Src/stm32f0xx_it.o
 .debug_macro   0x000000000000c738       0xbf ./Core/Src/system_stm32f0xx.o
 .debug_macro   0x000000000000c7f7      0x327 ./Core/Src/uart.o
 .debug_macro   0x000000000000cb1e       0x4c ./Core/Src/uart.o
 .debug_macro   0x000000000000cb6a       0x16 ./Core/Src/uart.o
 .debug_macro   0x000000000000cb80      0x121 ./Drivers/STM32F0xx_HAL_Driver/Src/stm32f0xx_ll_adc.o
 .debug_macro   0x000000000000cca1      0x10e ./Drivers/STM32F0xx_HAL_Driver/Src/stm32f0xx_ll_dma.o
 .debug_macro   0x000000000000cdaf      0x20f ./Drivers/STM32F0xx_HAL_Driver/Src/stm32f0xx_ll_dma.o
 .debug_macro   0x000000000000cfbe       0xfb ./Drivers/STM32F0xx_HAL_Driver/Src/stm32f0xx_ll_gpio.o
 .debug_macro   0x000000000000d0b9      0x119 ./Drivers/STM32F0xx_HAL_Driver/Src/stm32f0xx_ll_gpio.o
 .debug_macro   0x000000000000d1d2       0xda ./Drivers/STM32F0xx_HAL_Driver/Src/stm32f0xx_ll_rcc.o
 .debug_macro   0x000000000000d2ac      0x406 ./Drivers/STM32F0xx_HAL_Driver/Src/stm32f0xx_ll_rcc.o
 .debug_macro   0x000000000000d6b2      0x144 ./Drivers/STM32F0xx_HAL_Driver/Src/stm32f0xx_ll_tim.o
 .debug_macro   0x000000000000d7f6      0x5b7 ./Drivers/STM32F0xx_HAL_Driver/Src/stm32f0xx_ll_tim.o
 .debug_macro   0x000000000000ddad      0x128 ./Drivers/STM32F0xx_HAL_Driver/Src/stm32f0xx_ll_usart.o
 .debug_macro   0x000000000000ded5      0x25e ./Drivers/STM32F0xx_HAL_Driver/Src/stm32f0xx_ll_usart.o
 .debug_macro   0x000000000000e133      0x128 ./Drivers/STM32F0xx_HAL_Driver/Src/stm32f0xx_ll_utils.o

.debug_line     0x0000000000000000     0xa24d
 .debug_line    0x0000000000000000      0x6dd ./Core/Src/adc.o
 .debug_line    0x00000000000006dd      0x860 ./Core/Src/comutate.o
 .debug_line    0x0000000000000f3d      0x9f5 ./Core/Src/eeprom.o
 .debug_line    0x0000000000001932      0xaa9 ./Core/Src/input.o
 .debug_line    0x00000000000023db     0x138f ./Core/Src/io.o
 .debug_line    0x000000000000376a      0xfce ./Core/Src/pwm.o
 .debug_line    0x0000000000004738      0x935 ./Core/Src/run.o
 .debug_line    0x000000000000506d      0xccf ./Core/Src/stm32f0xx_it.o
 .debug_line    0x0000000000005d3c      0x4ce ./Core/Src/system_stm32f0xx.o
 .debug_line    0x000000000000620a      0xa17 ./Core/Src/uart.o
 .debug_line    0x0000000000006c21       0x89 ./Core/Startup/startup_stm32f030k6tx.o
 .debug_line    0x0000000000006caa      0x6bf ./Drivers/STM32F0xx_HAL_Driver/Src/stm32f0xx_ll_adc.o
 .debug_line    0x0000000000007369      0x6aa ./Drivers/STM32F0xx_HAL_Driver/Src/stm32f0xx_ll_dma.o
 .debug_line    0x0000000000007a13      0x63c ./Drivers/STM32F0xx_HAL_Driver/Src/stm32f0xx_ll_gpio.o
 .debug_line    0x000000000000804f      0x841 ./Drivers/STM32F0xx_HAL_Driver/Src/stm32f0xx_ll_rcc.o
 .debug_line    0x0000000000008890      0xa84 ./Drivers/STM32F0xx_HAL_Driver/Src/stm32f0xx_ll_tim.o
 .debug_line    0x0000000000009314      0x688 ./Drivers/STM32F0xx_HAL_Driver/Src/stm32f0xx_ll_usart.o
 .debug_line    0x000000000000999c      0x8b1 ./Drivers/STM32F0xx_HAL_Driver/Src/stm32f0xx_ll_utils.o

.debug_str      0x0000000000000000    0x42db4
 .debug_str     0x0000000000000000    0x386ca ./Core/Src/adc.o
                                      0x38869 (size before relaxing)
 .debug_str     0x00000000000386ca     0x4f31 ./Core/Src/comutate.o
                                      0x3d675 (size before relaxing)
 .debug_str     0x000000000003d5fb      0x2e6 ./Core/Src/eeprom.o
                                      0x3cfad (size before relaxing)
 .debug_str     0x000000000003d8e1      0x19a ./Core/Src/input.o
                                      0x3d94e (size before relaxing)
 .debug_str     0x000000000003da7b      0xcd5 ./Core/Src/io.o
                                      0x3955c (size before relaxing)
 .debug_str     0x000000000003e750      0x4b3 ./Core/Src/pwm.o
                                      0x3dc51 (size before relaxing)
 .debug_str     0x000000000003ec03       0x1d ./Core/Src/run.o
                                      0x3d8d7 (size before relaxing)
 .debug_str     0x000000000003ec20      0x267 ./Core/Src/stm32f0xx_it.o
                                      0x3d684 (size before relaxing)
 .debug_str     0x000000000003ee87       0x9c ./Core/Src/system_stm32f0xx.o
                                      0x2bd8d (size before relaxing)
 .debug_str     0x000000000003ef23      0x1c9 ./Core/Src/uart.o
                                      0x3cb0f (size before relaxing)
 .debug_str     0x000000000003f0ec       0x36 ./Core/Startup/startup_stm32f030k6tx.o
                                         0x7e (size before relaxing)
 .debug_str     0x000000000003f122      0x9f6 ./Drivers/STM32F0xx_HAL_Driver/Src/stm32f0xx_ll_adc.o
                                      0x30b37 (size before relaxing)
 .debug_str     0x000000000003fb18      0x640 ./Drivers/STM32F0xx_HAL_Driver/Src/stm32f0xx_ll_dma.o
                                      0x2d74d (size before relaxing)
 .debug_str     0x0000000000040158      0x4f0 ./Drivers/STM32F0xx_HAL_Driver/Src/stm32f0xx_ll_gpio.o
                                      0x2ce10 (size before relaxing)
 .debug_str     0x0000000000040648      0x32b ./Drivers/STM32F0xx_HAL_Driver/Src/stm32f0xx_ll_rcc.o
                                      0x2dd01 (size before relaxing)
 .debug_str     0x0000000000040973     0x1128 ./Drivers/STM32F0xx_HAL_Driver/Src/stm32f0xx_ll_tim.o
                                      0x30526 (size before relaxing)
 .debug_str     0x0000000000041a9b      0x781 ./Drivers/STM32F0xx_HAL_Driver/Src/stm32f0xx_ll_usart.o
                                      0x2f391 (size before relaxing)
 .debug_str     0x000000000004221c      0xb98 ./Drivers/STM32F0xx_HAL_Driver/Src/stm32f0xx_ll_utils.o
                                      0x2f36b (size before relaxing)

.comment        0x0000000000000000       0x50
 .comment       0x0000000000000000       0x50 ./Core/Src/adc.o
                                         0x51 (size before relaxing)
 .comment       0x0000000000000050       0x51 ./Core/Src/comutate.o
 .comment       0x0000000000000050       0x51 ./Core/Src/eeprom.o
 .comment       0x0000000000000050       0x51 ./Core/Src/input.o
 .comment       0x0000000000000050       0x51 ./Core/Src/io.o
 .comment       0x0000000000000050       0x51 ./Core/Src/pwm.o
 .comment       0x0000000000000050       0x51 ./Core/Src/run.o
 .comment       0x0000000000000050       0x51 ./Core/Src/stm32f0xx_it.o
 .comment       0x0000000000000050       0x51 ./Core/Src/system_stm32f0xx.o
 .comment       0x0000000000000050       0x51 ./Core/Src/uart.o
 .comment       0x0000000000000050       0x51 ./Drivers/STM32F0xx_HAL_Driver/Src/stm32f0xx_ll_adc.o
 .comment       0x0000000000000050       0x51 ./Drivers/STM32F0xx_HAL_Driver/Src/stm32f0xx_ll_dma.o
 .comment       0x0000000000000050       0x51 ./Drivers/STM32F0xx_HAL_Driver/Src/stm32f0xx_ll_gpio.o
 .comment       0x0000000000000050       0x51 ./Drivers/STM32F0xx_HAL_Driver/Src/stm32f0xx_ll_rcc.o
 .comment       0x0000000000000050       0x51 ./Drivers/STM32F0xx_HAL_Driver/Src/stm32f0xx_ll_tim.o
 .comment       0x0000000000000050       0x51 ./Drivers/STM32F0xx_HAL_Driver/Src/stm32f0xx_ll_usart.o
 .comment       0x0000000000000050       0x51 ./Drivers/STM32F0xx_HAL_Driver/Src/stm32f0xx_ll_utils.o

.debug_frame    0x0000000000000000     0x2cd8
 .debug_frame   0x0000000000000000      0x120 ./Core/Src/adc.o
 .debug_frame   0x0000000000000120       0x4c ./Core/Src/comutate.o
 .debug_frame   0x000000000000016c       0xd8 ./Core/Src/eeprom.o
 .debug_frame   0x0000000000000244      0x168 ./Core/Src/input.o
 .debug_frame   0x00000000000003ac      0x8a0 ./Core/Src/io.o
 .debug_frame   0x0000000000000c4c      0x4e4 ./Core/Src/pwm.o
 .debug_frame   0x0000000000001130       0x8c ./Core/Src/run.o
 .debug_frame   0x00000000000011bc      0x3e4 ./Core/Src/stm32f0xx_it.o
 .debug_frame   0x00000000000015a0       0x4c ./Core/Src/system_stm32f0xx.o
 .debug_frame   0x00000000000015ec      0x158 ./Core/Src/uart.o
 .debug_frame   0x0000000000001744      0x1f0 ./Drivers/STM32F0xx_HAL_Driver/Src/stm32f0xx_ll_adc.o
 .debug_frame   0x0000000000001934      0x190 ./Drivers/STM32F0xx_HAL_Driver/Src/stm32f0xx_ll_dma.o
 .debug_frame   0x0000000000001ac4      0x170 ./Drivers/STM32F0xx_HAL_Driver/Src/stm32f0xx_ll_gpio.o
 .debug_frame   0x0000000000001c34      0x318 ./Drivers/STM32F0xx_HAL_Driver/Src/stm32f0xx_ll_rcc.o
 .debug_frame   0x0000000000001f4c      0x450 ./Drivers/STM32F0xx_HAL_Driver/Src/stm32f0xx_ll_tim.o
 .debug_frame   0x000000000000239c      0x190 ./Drivers/STM32F0xx_HAL_Driver/Src/stm32f0xx_ll_usart.o
 .debug_frame   0x000000000000252c      0x328 ./Drivers/STM32F0xx_HAL_Driver/Src/stm32f0xx_ll_utils.o
 .debug_frame   0x0000000000002854       0x2c c:/st/stm32cubeide_1.12.0/stm32cubeide/plugins/com.st.stm32cube.ide.mcu.externaltools.gnu-tools-for-stm32.10.3-2021.10.win32_1.0.200.202301161003/tools/bin/../lib/gcc/arm-none-eabi/10.3.1/../../../../arm-none-eabi/lib/thumb/v6-m/nofp\libc_nano.a(lib_a-init.o)
 .debug_frame   0x0000000000002880       0x28 c:/st/stm32cubeide_1.12.0/stm32cubeide/plugins/com.st.stm32cube.ide.mcu.externaltools.gnu-tools-for-stm32.10.3-2021.10.win32_1.0.200.202301161003/tools/bin/../lib/gcc/arm-none-eabi/10.3.1/../../../../arm-none-eabi/lib/thumb/v6-m/nofp\libc_nano.a(lib_a-memcpy-stub.o)
 .debug_frame   0x00000000000028a8       0x20 c:/st/stm32cubeide_1.12.0/stm32cubeide/plugins/com.st.stm32cube.ide.mcu.externaltools.gnu-tools-for-stm32.10.3-2021.10.win32_1.0.200.202301161003/tools/bin/../lib/gcc/arm-none-eabi/10.3.1/../../../../arm-none-eabi/lib/thumb/v6-m/nofp\libc_nano.a(lib_a-memset.o)
 .debug_frame   0x00000000000028c8       0x20 c:/st/stm32cubeide_1.12.0/stm32cubeide/plugins/com.st.stm32cube.ide.mcu.externaltools.gnu-tools-for-stm32.10.3-2021.10.win32_1.0.200.202301161003/tools/bin/../lib/gcc/arm-none-eabi/10.3.1/thumb/v6-m/nofp\libgcc.a(_udivsi3.o)
 .debug_frame   0x00000000000028e8       0x20 c:/st/stm32cubeide_1.12.0/stm32cubeide/plugins/com.st.stm32cube.ide.mcu.externaltools.gnu-tools-for-stm32.10.3-2021.10.win32_1.0.200.202301161003/tools/bin/../lib/gcc/arm-none-eabi/10.3.1/thumb/v6-m/nofp\libgcc.a(_divsi3.o)
 .debug_frame   0x0000000000002908       0x28 c:/st/stm32cubeide_1.12.0/stm32cubeide/plugins/com.st.stm32cube.ide.mcu.externaltools.gnu-tools-for-stm32.10.3-2021.10.win32_1.0.200.202301161003/tools/bin/../lib/gcc/arm-none-eabi/10.3.1/thumb/v6-m/nofp\libgcc.a(_fixunssfsi.o)
 .debug_frame   0x0000000000002930       0x2c c:/st/stm32cubeide_1.12.0/stm32cubeide/plugins/com.st.stm32cube.ide.mcu.externaltools.gnu-tools-for-stm32.10.3-2021.10.win32_1.0.200.202301161003/tools/bin/../lib/gcc/arm-none-eabi/10.3.1/thumb/v6-m/nofp\libgcc.a(_fixunsdfsi.o)
 .debug_frame   0x000000000000295c       0x38 c:/st/stm32cubeide_1.12.0/stm32cubeide/plugins/com.st.stm32cube.ide.mcu.externaltools.gnu-tools-for-stm32.10.3-2021.10.win32_1.0.200.202301161003/tools/bin/../lib/gcc/arm-none-eabi/10.3.1/thumb/v6-m/nofp\libgcc.a(divsf3.o)
 .debug_frame   0x0000000000002994       0x2c c:/st/stm32cubeide_1.12.0/stm32cubeide/plugins/com.st.stm32cube.ide.mcu.externaltools.gnu-tools-for-stm32.10.3-2021.10.win32_1.0.200.202301161003/tools/bin/../lib/gcc/arm-none-eabi/10.3.1/thumb/v6-m/nofp\libgcc.a(eqsf2.o)
 .debug_frame   0x00000000000029c0       0x2c c:/st/stm32cubeide_1.12.0/stm32cubeide/plugins/com.st.stm32cube.ide.mcu.externaltools.gnu-tools-for-stm32.10.3-2021.10.win32_1.0.200.202301161003/tools/bin/../lib/gcc/arm-none-eabi/10.3.1/thumb/v6-m/nofp\libgcc.a(gesf2.o)
 .debug_frame   0x00000000000029ec       0x2c c:/st/stm32cubeide_1.12.0/stm32cubeide/plugins/com.st.stm32cube.ide.mcu.externaltools.gnu-tools-for-stm32.10.3-2021.10.win32_1.0.200.202301161003/tools/bin/../lib/gcc/arm-none-eabi/10.3.1/thumb/v6-m/nofp\libgcc.a(lesf2.o)