../Drivers/STM32F0xx_HAL_Driver/Inc/stm32f0xx_ll_tim.h:2445:22:LL_TIM_IC_SetPolarity.constprop	0	static
../Core/Src/stm32f0xx_it.c:71:6:NMI_Handler	0	static
../Core/Src/stm32f0xx_it.c:86:6:HardFault_Handler	0	static
../Core/Src/stm32f0xx_it.c:101:6:SVC_Handler	0	static
../Core/Src/stm32f0xx_it.c:114:6:PendSV_Handler	0	static
../Core/Src/stm32f0xx_it.c:127:6:SysTick_Handler	0	static
../Core/Src/stm32f0xx_it.c:148:6:DMA1_Channel1_IRQHandler	0	static
../Core/Src/stm32f0xx_it.c:162:6:DMA1_Channel4_5_IRQHandler	16	static
../Core/Src/stm32f0xx_it.c:191:6:TIM3_IRQHandler	8	static
../Core/Src/stm32f0xx_it.c:232:6:TIM14_IRQHandler	8	static
