../Drivers/STM32F0xx_HAL_Driver/Inc/stm32f0xx_ll_tim.h:1082:22:LL_TIM_EnableCounter	16	static
../Drivers/STM32F0xx_HAL_Driver/Inc/stm32f0xx_ll_tim.h:1567:22:LL_TIM_CC_EnableChannel	16	static
../Drivers/STM32F0xx_HAL_Driver/Inc/stm32f0xx_ll_tim.h:3411:22:LL_TIM_EnableIT_CC1	16	static
../Drivers/STM32F0xx_HAL_Driver/Inc/stm32f0xx_ll_tim.h:3887:22:LL_TIM_GenerateEvent_UPDATE	16	static
../Drivers/STM32F0xx_HAL_Driver/Inc/stm32f0xx_ll_gpio.h:897:22:LL_GPIO_TogglePin	24	static
../Core/Src/input.c:23:10:get_duty	24	static
../Core/Src/input.c:27:10:MAP	24	static
../Core/Src/input.c:31:9:is_callibred	24	static
../Core/Src/input.c:37:6:enable_ic	8	static
../Core/Src/input.c:44:6:init_input	8	static
../Core/Src/input.c:68:6:capture_callback	24	static
