../Drivers/STM32F0xx_HAL_Driver/Inc/stm32f0xx_ll_tim.h:1082:22:LL_TIM_EnableCounter	16	static
../Drivers/STM32F0xx_HAL_Driver/Inc/stm32f0xx_ll_tim.h:1093:22:LL_TIM_DisableCounter	16	static
../Drivers/STM32F0xx_HAL_Driver/Inc/stm32f0xx_ll_tim.h:1404:22:LL_TIM_SetAutoReload	16	static
../Drivers/STM32F0xx_HAL_Driver/Inc/stm32f0xx_ll_tim.h:1567:22:LL_TIM_CC_EnableChannel	16	static
../Drivers/STM32F0xx_HAL_Driver/Inc/stm32f0xx_ll_tim.h:1592:22:LL_TIM_CC_DisableChannel	16	static
../Drivers/STM32F0xx_HAL_Driver/Inc/stm32f0xx_ll_tim.h:1689:22:LL_TIM_OC_SetMode	32	static
../Drivers/STM32F0xx_HAL_Driver/Inc/stm32f0xx_ll_tim.h:2058:22:LL_TIM_OC_SetDeadTime	16	static
../Drivers/STM32F0xx_HAL_Driver/Inc/stm32f0xx_ll_tim.h:2075:22:LL_TIM_OC_SetCompareCH1	16	static
../Drivers/STM32F0xx_HAL_Driver/Inc/stm32f0xx_ll_tim.h:2092:22:LL_TIM_OC_SetCompareCH2	16	static
../Drivers/STM32F0xx_HAL_Driver/Inc/stm32f0xx_ll_tim.h:2109:22:LL_TIM_OC_SetCompareCH3	16	static
../Drivers/STM32F0xx_HAL_Driver/Inc/stm32f0xx_ll_tim.h:2950:22:LL_TIM_EnableAllOutputs	16	static
../Drivers/STM32F0xx_HAL_Driver/Inc/stm32f0xx_ll_tim.h:3378:22:LL_TIM_EnableIT_UPDATE	16	static
../Drivers/STM32F0xx_HAL_Driver/Inc/stm32f0xx_ll_tim.h:3942:22:LL_TIM_GenerateEvent_COM	16	static
../Core/Inc/irq.h:23:20:irq_primask_disable	16	static,ignoring_inline_asm
../Core/Inc/irq.h:29:20:irq_primask_enable	16	static,ignoring_inline_asm
../Core/Src/pwm.c:50:13:init_constants	24	static
../Core/Src/pwm.c:109:6:motor_pwm_init	8	static
../Core/Src/pwm.c:114:7:pid_calculate	24	static
../Core/Src/pwm.c:137:7:check_rpm_threshold	16	static
../Core/Src/pwm.c:152:6:set_timer_autoreload	16	static
../Core/Src/pwm.c:156:6:set_comutate_freq	16	static
../Core/Src/pwm.c:161:9:get_step_pwm	8	static
../Core/Src/pwm.c:165:10:get_timer_pwm_freq	8	static
../Core/Src/pwm.c:169:10:get_rpm	8	static
../Core/Src/pwm.c:173:20:phase_float	16	static
../Core/Src/pwm.c:198:20:phase_n_pwm	16	static
../Core/Src/pwm.c:227:20:phase_p_pwm	16	static
../Core/Src/pwm.c:260:20:motor_pwm_stop	8	static
../Core/Src/pwm.c:283:13:motor_pwm_brake	8	static
../Core/Src/pwm.c:302:6:motor_step	16	static
../Core/Src/pwm.c:340:6:motor_pwm_set_freewheeling	8	static
../Core/Src/pwm.c:347:6:motor_pwm_set_break	8	static
../Core/Src/pwm.c:356:6:set_pwm_compare	16	static
../Core/Src/pwm.c:363:6:comutate_start_motor	8	static
../Core/Src/pwm.c:369:6:motor_pwm_set_pwm_val	32	static
../Core/Src/pwm.c:417:6:comutate_timer_callback	16	static
../Core/Src/pwm.c:513:6:timer_sinus_callback	8	static
../Core/Src/pwm.c:517:6:motorTuneReady	8	static
../Core/Src/pwm.c:530:6:motorTuneInput	16	static
../Core/Src/pwm.c:542:10:get_pwm_duty	8	static
