../Drivers/STM32F0xx_HAL_Driver/Inc/stm32f0xx_ll_dma.h:1428:26:LL_DMA_IsActiveFlag_TC1	16	static
../Drivers/STM32F0xx_HAL_Driver/Inc/stm32f0xx_ll_dma.h:1439:26:LL_DMA_IsActiveFlag_TC2	16	static
../Drivers/STM32F0xx_HAL_Driver/Inc/stm32f0xx_ll_dma.h:1450:26:LL_DMA_IsActiveFlag_TC3	16	static
../Drivers/STM32F0xx_HAL_Driver/Inc/stm32f0xx_ll_dma.h:1461:26:LL_DMA_IsActiveFlag_TC4	16	static
../Drivers/STM32F0xx_HAL_Driver/Inc/stm32f0xx_ll_dma.h:1472:26:LL_DMA_IsActiveFlag_TC5	16	static
../Drivers/STM32F0xx_HAL_Driver/Inc/stm32f0xx_ll_dma.h:1542:26:LL_DMA_IsActiveFlag_HT4	16	static
../Drivers/STM32F0xx_HAL_Driver/Inc/stm32f0xx_ll_dma.h:1623:26:LL_DMA_IsActiveFlag_TE4	16	static
../Drivers/STM32F0xx_HAL_Driver/Inc/stm32f0xx_ll_dma.h:1690:22:LL_DMA_ClearFlag_GI2	16	static
../Drivers/STM32F0xx_HAL_Driver/Inc/stm32f0xx_ll_dma.h:1705:22:LL_DMA_ClearFlag_GI3	16	static
../Drivers/STM32F0xx_HAL_Driver/Inc/stm32f0xx_ll_dma.h:1720:22:LL_DMA_ClearFlag_GI4	16	static
../Drivers/STM32F0xx_HAL_Driver/Inc/stm32f0xx_ll_dma.h:1735:22:LL_DMA_ClearFlag_GI5	16	static
../Drivers/STM32F0xx_HAL_Driver/Inc/stm32f0xx_ll_dma.h:1780:22:LL_DMA_ClearFlag_TC1	16	static
../Drivers/STM32F0xx_HAL_Driver/Inc/stm32f0xx_ll_dma.h:1894:22:LL_DMA_ClearFlag_HT4	16	static
../Drivers/STM32F0xx_HAL_Driver/Inc/stm32f0xx_ll_dma.h:1975:22:LL_DMA_ClearFlag_TE4	16	static
../Drivers/STM32F0xx_HAL_Driver/Inc/stm32f0xx_ll_tim.h:1335:22:LL_TIM_SetCounter	16	static
../Drivers/STM32F0xx_HAL_Driver/Inc/stm32f0xx_ll_tim.h:2445:22:LL_TIM_IC_SetPolarity	32	static
../Drivers/STM32F0xx_HAL_Driver/Inc/stm32f0xx_ll_tim.h:2473:26:LL_TIM_IC_GetPolarity	24	static
../Drivers/STM32F0xx_HAL_Driver/Inc/stm32f0xx_ll_tim.h:3103:22:LL_TIM_ClearFlag_UPDATE	16	static
../Drivers/STM32F0xx_HAL_Driver/Inc/stm32f0xx_ll_tim.h:3114:26:LL_TIM_IsActiveFlag_UPDATE	16	static
../Drivers/STM32F0xx_HAL_Driver/Inc/stm32f0xx_ll_tim.h:3125:22:LL_TIM_ClearFlag_CC1	16	static
../Drivers/STM32F0xx_HAL_Driver/Inc/stm32f0xx_ll_tim.h:3136:26:LL_TIM_IsActiveFlag_CC1	16	static
../Core/Src/stm32f0xx_it.c:72:6:NMI_Handler	8	static
../Core/Src/stm32f0xx_it.c:87:6:HardFault_Handler	8	static
../Core/Src/stm32f0xx_it.c:102:6:SVC_Handler	8	static
../Core/Src/stm32f0xx_it.c:115:6:PendSV_Handler	8	static
../Core/Src/stm32f0xx_it.c:128:6:SysTick_Handler	8	static
../Core/Src/stm32f0xx_it.c:149:6:DMA1_Channel1_IRQHandler	8	static
../Core/Src/stm32f0xx_it.c:167:6:DMA1_Channel2_3_IRQHandler	8	static
../Core/Src/stm32f0xx_it.c:186:6:DMA1_Channel4_5_IRQHandler	8	static
../Core/Src/stm32f0xx_it.c:217:6:TIM1_BRK_UP_TRG_COM_IRQHandler	8	static
../Core/Src/stm32f0xx_it.c:235:6:TIM3_IRQHandler	8	static
../Core/Src/stm32f0xx_it.c:276:6:TIM14_IRQHandler	8	static
